2026-02-22 14:01:13,877 [ERROR] ❌ STRIPE_SECRET_KEY not found. Set it in .env.local or environment.
2026-02-23 01:00:17,780 [WARNING] ⚠️ STRIPE_SECRET_KEY not found — auto-capture disabled.
2026-02-23 01:00:17,781 [INFO] ============================================================
2026-02-23 01:00:17,781 [INFO] AUTO CAPTURE — 2026-02-23 01:00 EST
2026-02-23 01:00:17,781 [INFO] Mode: LIVE
2026-02-23 01:00:17,781 [INFO] ============================================================
2026-02-23 01:00:17,781 [INFO] Fetching requires_capture payment intents from Stripe...
2026-02-23 01:00:17,784 [DEBUG] Starting new HTTPS connection (1): api.stripe.com:443
2026-02-23 01:00:18,287 [DEBUG] https://api.stripe.com:443 "GET /v1/payment_intents?limit=100&expand%5B%5D= HTTP/1.1" 401 342
2026-02-23 10:02:02,072 [WARNING] ⚠️ STRIPE_SECRET_KEY not found — auto-capture disabled.
2026-02-23 10:02:02,078 [INFO] ============================================================
2026-02-23 10:02:02,078 [INFO] AUTO CAPTURE — 2026-02-23 10:02 EST
2026-02-23 10:02:02,078 [INFO] Mode: LIVE
2026-02-23 10:02:02,078 [INFO] ============================================================
2026-02-23 10:02:02,078 [INFO] Fetching requires_capture payment intents from Stripe...
2026-02-23 10:02:02,080 [DEBUG] Starting new HTTPS connection (1): api.stripe.com:443
2026-02-23 10:02:03,056 [DEBUG] https://api.stripe.com:443 "GET /v1/payment_intents?limit=100&expand%5B%5D= HTTP/1.1" 401 342
2026-02-23 10:03:15,171 [WARNING] ⚠️ STRIPE_SECRET_KEY not found — auto-capture disabled.
2026-02-23 10:03:15,171 [INFO] ============================================================
2026-02-23 10:03:15,171 [INFO] AUTO CAPTURE — 2026-02-23 10:03 EST
2026-02-23 10:03:15,171 [INFO] Mode: DRY RUN
2026-02-23 10:03:15,171 [INFO] ============================================================
2026-02-23 10:03:15,171 [INFO] Fetching requires_capture payment intents from Stripe...
2026-02-23 10:03:15,179 [DEBUG] Starting new HTTPS connection (1): api.stripe.com:443
2026-02-23 10:03:15,930 [DEBUG] https://api.stripe.com:443 "GET /v1/payment_intents?limit=100&expand%5B%5D= HTTP/1.1" 401 342
2026-02-24 01:00:31,899 [WARNING] ⚠️ STRIPE_SECRET_KEY not found — auto-capture disabled.
2026-02-24 01:00:31,899 [INFO] ============================================================
2026-02-24 01:00:31,899 [INFO] AUTO CAPTURE — 2026-02-24 01:00 EST
2026-02-24 01:00:31,899 [INFO] Mode: LIVE
2026-02-24 01:00:31,899 [INFO] ============================================================
2026-02-24 01:00:31,899 [INFO] Fetching requires_capture payment intents from Stripe...
2026-02-24 01:00:31,901 [DEBUG] Starting new HTTPS connection (1): api.stripe.com:443
2026-02-24 01:00:32,376 [DEBUG] https://api.stripe.com:443 "GET /v1/payment_intents?limit=100&expand%5B%5D= HTTP/1.1" 401 342
