2026-02-24 16:54:37,133 INFO ✅ Totals engine v3 loaded (market-blended)
2026-02-24 16:54:37,134 INFO ✅ NBA Upset Composite v2 loaded (smart model)
2026-02-25 06:55:25,695 INFO ✅ Totals engine v3 loaded (market-blended)
2026-02-25 06:55:25,703 INFO ✅ NBA Upset Composite v2 loaded (smart model)
2026-02-25 06:55:25,703 INFO Loading alpha picks from C:\Users\joshs\.openclaw\workspace\parlayguarantee\engine\alpha_v3_nba_picks_2026-02-24.json
2026-02-25 06:55:26,412 INFO Fetched 14 NBA scores from Odds API
2026-02-25 06:55:26,595 INFO [alpha] No learned weights found — using defaults
2026-02-25 06:55:26,595 WARNING No result match for Boston Celtics @ Denver Nuggets
2026-02-25 06:55:26,595 INFO [alpha] Learning from 9 games...
2026-02-25 06:55:26,595 INFO 
============================================================
2026-02-25 06:55:26,595 INFO   [ALPHA] LEARNING REPORT — 2026-02-25
2026-02-25 06:55:26,595 INFO   Today: 5/9 picks covered (56%)
2026-02-25 06:55:26,595 INFO   Total history: 9 games
2026-02-25 06:55:26,595 INFO ============================================================
2026-02-25 06:55:26,595 INFO   ↓ ats_trends: 0.0800 → 0.0300 (acc: 0.0%, 9 games)
2026-02-25 06:55:26,595 INFO   ↓ pace_matchup: 0.0400 → 0.0050 (acc: 0.0%, 9 games)
2026-02-25 06:55:26,595 INFO   ↓ coaching: 0.0200 → 0.0050 (acc: 0.0%, 9 games)
2026-02-25 06:55:26,595 INFO   ↑ ml_divergence: 0.1000 → 0.1333 (acc: 83.3%, 9 games)
2026-02-25 06:55:26,595 INFO   ↑ form: 0.0500 → 0.0800 (acc: 80.0%, 9 games)
2026-02-25 06:55:26,595 INFO   ↑ upset: 0.0400 → 0.0650 (acc: 75.0%, 9 games)
2026-02-25 06:55:26,595 INFO   ↑ motivation: 0.0400 → 0.0525 (acc: 62.5%, 9 games)
2026-02-25 06:55:26,595 INFO   ↑ home_away: 0.0500 → 0.0600 (acc: 60.0%, 9 games)
2026-02-25 06:55:26,595 INFO   ↑ net_rating: 0.1000 → 0.1056 (acc: 55.6%, 9 games)
2026-02-25 06:55:26,595 INFO   ↓ travel_fatigue: 0.0500 → 0.0444 (acc: 44.4%, 9 games)
2026-02-25 06:55:26,603 INFO [alpha] Weights saved → C:\Users\joshs\.openclaw\workspace\parlayguarantee\engine\learned_weights\alpha_weights.json
2026-02-25 06:55:26,603 INFO Loading rex picks from C:\Users\joshs\.openclaw\workspace\parlayguarantee\engine\rex_v2_ncaab_picks_2026-02-24.json
2026-02-25 06:55:27,028 INFO Fetched 45 NCAAB scores from Odds API
2026-02-25 06:55:27,061 INFO [rex] No learned weights found — using defaults
2026-02-25 06:55:27,061 WARNING No result match for Minnesota @ Michigan
2026-02-25 06:55:27,061 WARNING No result match for Duke @ Notre Dame
2026-02-25 06:55:27,061 WARNING No result match for Buffalo @ Akron
2026-02-25 06:55:27,061 WARNING No result match for Central Florida @ BYU
2026-02-25 06:55:27,061 WARNING No result match for Iowa State @ Utah
2026-02-25 06:55:27,061 WARNING No result match for Northern Illinois @ Toledo
2026-02-25 06:55:27,061 WARNING No result match for Western Michigan @ Bowling Green
2026-02-25 06:55:27,061 WARNING No result match for Louisiana @ Troy
2026-02-25 06:55:27,061 WARNING No result match for Central Michigan @ Kent State
2026-02-25 06:55:27,061 WARNING No result match for San Jose State @ Air Force
2026-02-25 06:55:27,061 WARNING No result match for Arizona @ Baylor
2026-02-25 06:55:27,066 WARNING No result match for Kentucky @ South Carolina
2026-02-25 06:55:27,066 WARNING No result match for USC @ UCLA
2026-02-25 06:55:27,066 WARNING No result match for Fresno State @ Colorado State
2026-02-25 06:55:27,066 WARNING No result match for Auburn @ Oklahoma
2026-02-25 06:55:27,066 WARNING No result match for Southern @ Morehead State
2026-02-25 06:55:27,066 WARNING No result match for West Virginia @ Oklahoma State
2026-02-25 06:55:27,066 WARNING No result match for Southern Miss @ Arkansas State
2026-02-25 06:55:27,066 WARNING No result match for Miami (OH) @ Eastern Michigan
2026-02-25 06:55:27,066 WARNING No result match for St. Francis (PA) @ New Haven
2026-02-25 06:55:27,066 WARNING No result match for Northwestern @ Indiana
2026-02-25 06:55:27,066 WARNING No result match for NC State @ Virginia
2026-02-25 06:55:27,066 WARNING No result match for Washington @ Rutgers
2026-02-25 06:55:27,066 WARNING No result match for Wyoming @ Boise State
2026-02-25 06:55:27,066 WARNING No result match for George Washington @ La Salle
2026-02-25 06:55:27,066 WARNING No result match for Massachusetts @ Ball State
2026-02-25 06:55:27,066 WARNING No result match for Old Dominion @ Marshall
2026-02-25 06:55:27,066 WARNING No result match for New Mexico @ Nevada
2026-02-25 06:55:27,066 WARNING [rex] Only 0 matched games (need 3) — skipping weight update
2026-02-25 07:03:01,176 INFO ✅ Totals engine v3 loaded (market-blended)
2026-02-25 07:03:01,184 INFO ✅ NBA Upset Composite v2 loaded (smart model)
2026-02-25 07:03:01,193 INFO Loading alpha picks from C:\Users\joshs\.openclaw\workspace\parlayguarantee\engine\alpha_v3_nba_picks_2026-02-24.json
2026-02-25 07:03:01,651 INFO Fetched 14 NBA scores from Odds API
2026-02-25 07:03:01,876 INFO [alpha] Loaded learned weights (trained on 9 games, last update: 2026-02-25)
2026-02-25 07:03:01,876 WARNING No result match for Boston Celtics @ Denver Nuggets
2026-02-25 07:03:01,876 INFO [alpha] Learning from 9 games...
2026-02-25 07:03:01,908 INFO 
============================================================
2026-02-25 07:03:01,908 INFO   [ALPHA] LEARNING REPORT — 2026-02-25
2026-02-25 07:03:01,908 INFO   Today: 5/9 picks covered (56%)
2026-02-25 07:03:01,908 INFO   Total history: 18 games
2026-02-25 07:03:01,909 INFO ============================================================
2026-02-25 07:03:01,909 INFO   ↓ ats_trends: 0.0297 → 0.0050 (acc: 0.0%, 18 games)
2026-02-25 07:03:01,909 INFO   ↓ pace_matchup: 0.0049 → 0.0050 (acc: 0.0%, 18 games)
2026-02-25 07:03:01,909 INFO   ↓ coaching: 0.0049 → 0.0050 (acc: 0.0%, 18 games)
2026-02-25 07:03:01,909 INFO   ↑ ml_divergence: 0.1319 → 0.1652 (acc: 83.3%, 18 games)
2026-02-25 07:03:01,909 INFO   ↑ form: 0.0791 → 0.1091 (acc: 80.0%, 18 games)
2026-02-25 07:03:01,909 INFO   ↑ upset: 0.0643 → 0.0893 (acc: 75.0%, 18 games)
2026-02-25 07:03:01,910 INFO   ↑ motivation: 0.0519 → 0.0644 (acc: 62.5%, 18 games)
2026-02-25 07:03:01,910 INFO   ↑ home_away: 0.0594 → 0.0694 (acc: 60.0%, 18 games)
2026-02-25 07:03:01,910 INFO   ↑ net_rating: 0.1044 → 0.1100 (acc: 55.6%, 18 games)
2026-02-25 07:03:01,910 INFO   ↓ travel_fatigue: 0.0440 → 0.0384 (acc: 44.4%, 18 games)
2026-02-25 07:03:01,914 INFO [alpha] Weights saved → C:\Users\joshs\.openclaw\workspace\parlayguarantee\engine\learned_weights\alpha_weights.json
2026-02-25 07:03:01,914 INFO Loading rex picks from C:\Users\joshs\.openclaw\workspace\parlayguarantee\engine\rex_v2_ncaab_picks_2026-02-24.json
2026-02-25 07:03:02,326 INFO Fetched 45 NCAAB scores from Odds API
2026-02-25 07:03:02,342 INFO [rex] No learned weights found — using defaults
2026-02-25 07:03:02,343 WARNING No result match for Minnesota @ Michigan
2026-02-25 07:03:02,343 WARNING No result match for Duke @ Notre Dame
2026-02-25 07:03:02,343 WARNING No result match for Buffalo @ Akron
2026-02-25 07:03:02,343 WARNING No result match for Central Florida @ BYU
2026-02-25 07:03:02,343 WARNING No result match for Iowa State @ Utah
2026-02-25 07:03:02,343 WARNING No result match for Northern Illinois @ Toledo
2026-02-25 07:03:02,343 WARNING No result match for Western Michigan @ Bowling Green
2026-02-25 07:03:02,343 WARNING No result match for Louisiana @ Troy
2026-02-25 07:03:02,343 WARNING No result match for Central Michigan @ Kent State
2026-02-25 07:03:02,343 WARNING No result match for San Jose State @ Air Force
2026-02-25 07:03:02,343 WARNING No result match for Arizona @ Baylor
2026-02-25 07:03:02,343 WARNING No result match for Kentucky @ South Carolina
2026-02-25 07:03:02,343 WARNING No result match for USC @ UCLA
2026-02-25 07:03:02,343 WARNING No result match for Fresno State @ Colorado State
2026-02-25 07:03:02,343 WARNING No result match for Auburn @ Oklahoma
2026-02-25 07:03:02,343 WARNING No result match for Southern @ Morehead State
2026-02-25 07:03:02,343 WARNING No result match for West Virginia @ Oklahoma State
2026-02-25 07:03:02,343 WARNING No result match for Southern Miss @ Arkansas State
2026-02-25 07:03:02,343 WARNING No result match for Miami (OH) @ Eastern Michigan
2026-02-25 07:03:02,343 WARNING No result match for St. Francis (PA) @ New Haven
2026-02-25 07:03:02,343 WARNING No result match for Northwestern @ Indiana
2026-02-25 07:03:02,343 WARNING No result match for NC State @ Virginia
2026-02-25 07:03:02,343 WARNING No result match for Washington @ Rutgers
2026-02-25 07:03:02,343 WARNING No result match for Wyoming @ Boise State
2026-02-25 07:03:02,343 WARNING No result match for George Washington @ La Salle
2026-02-25 07:03:02,343 WARNING No result match for Massachusetts @ Ball State
2026-02-25 07:03:02,343 WARNING No result match for Old Dominion @ Marshall
2026-02-25 07:03:02,343 WARNING No result match for New Mexico @ Nevada
2026-02-25 07:03:02,343 WARNING [rex] Only 0 matched games (need 3) — skipping weight update
2026-02-25 07:04:22,308 INFO ✅ Totals engine v3 loaded (market-blended)
2026-02-25 07:04:22,310 INFO ✅ NBA Upset Composite v2 loaded (smart model)
2026-02-25 07:04:22,310 INFO Loading rex picks from C:\Users\joshs\.openclaw\workspace\parlayguarantee\engine\rex_v2_ncaab_picks_2026-02-24.json
2026-02-25 07:04:22,818 INFO Fetched 45 NCAAB scores from Odds API
2026-02-25 07:04:22,933 INFO [rex] No learned weights found — using defaults
2026-02-25 07:04:22,933 WARNING No result match for Central Florida @ BYU
2026-02-25 07:04:22,933 WARNING No result match for San Jose State @ Air Force
2026-02-25 07:04:22,933 WARNING No result match for Fresno State @ Colorado State
2026-02-25 07:04:22,933 WARNING No result match for Southern @ Morehead State
2026-02-25 07:04:22,933 WARNING No result match for West Virginia @ Oklahoma State
2026-02-25 07:04:22,933 WARNING No result match for Southern Miss @ Arkansas State
2026-02-25 07:04:22,938 WARNING No result match for George Washington @ La Salle
2026-02-25 07:04:22,938 INFO [rex] Learning from 21 games...
2026-02-25 07:04:22,942 INFO 
============================================================
2026-02-25 07:04:22,942 INFO   [REX] LEARNING REPORT — 2026-02-25
2026-02-25 07:04:22,942 INFO   Today: 10/21 picks covered (48%)
2026-02-25 07:04:22,942 INFO   Total history: 21 games
2026-02-25 07:04:22,942 INFO ============================================================
2026-02-25 07:04:22,942 INFO   ↓ player_impact: 0.0400 → 0.0050 (acc: 0.0%, 21 games)
2026-02-25 07:04:22,942 INFO   ↑ fg_pct: 0.0200 → 0.0433 (acc: 73.3%, 21 games)
2026-02-25 07:04:22,942 INFO   ↑ ft_pct_base: 0.0100 → 0.0314 (acc: 71.4%, 21 games)
2026-02-25 07:04:22,942 INFO   ↑ net_ranking: 0.0400 → 0.0567 (acc: 66.7%, 21 games)
2026-02-25 07:04:22,942 INFO   ↑ off_efficiency: 0.0400 → 0.0567 (acc: 66.7%, 21 games)
2026-02-25 07:04:22,942 INFO   ↑ def_efficiency: 0.0400 → 0.0567 (acc: 66.7%, 21 games)
2026-02-25 07:04:22,942 INFO   ↑ three_pct: 0.0200 → 0.0367 (acc: 66.7%, 21 games)
2026-02-25 07:04:22,942 INFO   ↑ sos_base: 0.0200 → 0.0367 (acc: 66.7%, 21 games)
2026-02-25 07:04:22,942 INFO   ↑ tempo_base: 0.0200 → 0.0367 (acc: 66.7%, 21 games)
2026-02-25 07:04:22,942 INFO   ↓ travel_fatigue: 0.0300 → 0.0133 (acc: 33.3%, 21 games)
2026-02-25 07:04:22,942 INFO [rex] Weights saved → C:\Users\joshs\.openclaw\workspace\parlayguarantee\engine\learned_weights\rex_weights.json
