2026-02-20 17:00:37,443 INFO === Golf Engine (22-factor): Generating Picks ===
2026-02-20 17:00:39,267 INFO Found 4 active golf sport keys
2026-02-20 17:00:39,431 INFO Fetched 1 golf events for golf_masters_tournament_winner
2026-02-20 17:00:40,085 INFO Fetched 1 golf events for golf_pga_championship_winner
2026-02-20 17:00:40,692 INFO Fetched 1 golf events for golf_the_open_championship_winner
2026-02-20 17:00:41,282 INFO Fetched 1 golf events for golf_us_open_winner
2026-02-20 17:00:41,849 INFO Scoring 85 players for Masters Tournament Winner
2026-02-20 17:00:43,421 ERROR ESPN golf rankings error: 500 Server Error: Internal Server Error for url: https://site.api.espn.com/apis/site/v2/sports/golf/pga/rankings
2026-02-20 17:00:43,588 ERROR ESPN golf rankings error: 500 Server Error: Internal Server Error for url: https://site.api.espn.com/apis/site/v2/sports/golf/pga/rankings
2026-02-20 17:00:43,725 ERROR ESPN golf rankings error: 500 Server Error: Internal Server Error for url: https://site.api.espn.com/apis/site/v2/sports/golf/pga/rankings
2026-02-20 17:00:43,917 ERROR ESPN golf rankings error: 500 Server Error: Internal Server Error for url: https://site.api.espn.com/apis/site/v2/sports/golf/pga/rankings
2026-02-20 17:00:44,124 ERROR ESPN golf rankings error: 500 Server Error: Internal Server Error for url: https://site.api.espn.com/apis/site/v2/sports/golf/pga/rankings
2026-02-20 17:00:44,286 ERROR ESPN golf rankings error: 500 Server Error: Internal Server Error for url: https://site.api.espn.com/apis/site/v2/sports/golf/pga/rankings
2026-02-20 17:00:44,437 ERROR ESPN golf rankings error: 500 Server Error: Internal Server Error for url: https://site.api.espn.com/apis/site/v2/sports/golf/pga/rankings
2026-02-20 17:00:44,654 ERROR ESPN golf rankings error: 500 Server Error: Internal Server Error for url: https://site.api.espn.com/apis/site/v2/sports/golf/pga/rankings
2026-02-20 17:00:44,816 ERROR ESPN golf rankings error: 500 Server Error: Internal Server Error for url: https://site.api.espn.com/apis/site/v2/sports/golf/pga/rankings
2026-02-20 17:00:44,971 ERROR ESPN golf rankings error: 500 Server Error: Internal Server Error for url: https://site.api.espn.com/apis/site/v2/sports/golf/pga/rankings
2026-02-20 17:00:45,206 ERROR ESPN golf rankings error: 500 Server Error: Internal Server Error for url: https://site.api.espn.com/apis/site/v2/sports/golf/pga/rankings
2026-02-20 17:00:45,398 ERROR ESPN golf rankings error: 500 Server Error: Internal Server Error for url: https://site.api.espn.com/apis/site/v2/sports/golf/pga/rankings
2026-02-20 17:00:45,529 ERROR ESPN golf rankings error: 500 Server Error: Internal Server Error for url: https://site.api.espn.com/apis/site/v2/sports/golf/pga/rankings
2026-02-20 17:00:45,667 ERROR ESPN golf rankings error: 500 Server Error: Internal Server Error for url: https://site.api.espn.com/apis/site/v2/sports/golf/pga/rankings
2026-02-20 17:00:45,796 ERROR ESPN golf rankings error: 500 Server Error: Internal Server Error for url: https://site.api.espn.com/apis/site/v2/sports/golf/pga/rankings
2026-02-20 17:00:45,925 ERROR ESPN golf rankings error: 500 Server Error: Internal Server Error for url: https://site.api.espn.com/apis/site/v2/sports/golf/pga/rankings
2026-02-20 17:00:46,053 ERROR ESPN golf rankings error: 500 Server Error: Internal Server Error for url: https://site.api.espn.com/apis/site/v2/sports/golf/pga/rankings
2026-02-20 17:00:46,181 ERROR ESPN golf rankings error: 500 Server Error: Internal Server Error for url: https://site.api.espn.com/apis/site/v2/sports/golf/pga/rankings
2026-02-20 17:00:46,316 ERROR ESPN golf rankings error: 500 Server Error: Internal Server Error for url: https://site.api.espn.com/apis/site/v2/sports/golf/pga/rankings
2026-02-20 17:00:46,433 ERROR ESPN golf rankings error: 500 Server Error: Internal Server Error for url: https://site.api.espn.com/apis/site/v2/sports/golf/pga/rankings
2026-02-20 17:00:46,558 ERROR ESPN golf rankings error: 500 Server Error: Internal Server Error for url: https://site.api.espn.com/apis/site/v2/sports/golf/pga/rankings
2026-02-20 17:00:46,684 ERROR ESPN golf rankings error: 500 Server Error: Internal Server Error for url: https://site.api.espn.com/apis/site/v2/sports/golf/pga/rankings
2026-02-20 17:00:46,822 ERROR ESPN golf rankings error: 500 Server Error: Internal Server Error for url: https://site.api.espn.com/apis/site/v2/sports/golf/pga/rankings
2026-02-20 17:00:46,938 ERROR ESPN golf rankings error: 500 Server Error: Internal Server Error for url: https://site.api.espn.com/apis/site/v2/sports/golf/pga/rankings
2026-02-20 17:00:47,085 ERROR ESPN golf rankings error: 500 Server Error: Internal Server Error for url: https://site.api.espn.com/apis/site/v2/sports/golf/pga/rankings
2026-02-20 17:00:47,224 ERROR ESPN golf rankings error: 500 Server Error: Internal Server Error for url: https://site.api.espn.com/apis/site/v2/sports/golf/pga/rankings
2026-02-20 17:00:47,351 ERROR ESPN golf rankings error: 500 Server Error: Internal Server Error for url: https://site.api.espn.com/apis/site/v2/sports/golf/pga/rankings
2026-02-20 17:00:47,472 ERROR ESPN golf rankings error: 500 Server Error: Internal Server Error for url: https://site.api.espn.com/apis/site/v2/sports/golf/pga/rankings
2026-02-20 17:00:47,598 ERROR ESPN golf rankings error: 500 Server Error: Internal Server Error for url: https://site.api.espn.com/apis/site/v2/sports/golf/pga/rankings
2026-02-20 17:00:47,743 ERROR ESPN golf rankings error: 500 Server Error: Internal Server Error for url: https://site.api.espn.com/apis/site/v2/sports/golf/pga/rankings
2026-02-20 17:00:47,884 ERROR ESPN golf rankings error: 500 Server Error: Internal Server Error for url: https://site.api.espn.com/apis/site/v2/sports/golf/pga/rankings
2026-02-20 17:00:48,065 ERROR ESPN golf rankings error: 500 Server Error: Internal Server Error for url: https://site.api.espn.com/apis/site/v2/sports/golf/pga/rankings
2026-02-20 17:00:48,226 ERROR ESPN golf rankings error: 500 Server Error: Internal Server Error for url: https://site.api.espn.com/apis/site/v2/sports/golf/pga/rankings
2026-02-20 17:00:48,344 ERROR ESPN golf rankings error: 500 Server Error: Internal Server Error for url: https://site.api.espn.com/apis/site/v2/sports/golf/pga/rankings
2026-02-20 17:00:48,487 ERROR ESPN golf rankings error: 500 Server Error: Internal Server Error for url: https://site.api.espn.com/apis/site/v2/sports/golf/pga/rankings
2026-02-20 17:00:48,660 ERROR ESPN golf rankings error: 500 Server Error: Internal Server Error for url: https://site.api.espn.com/apis/site/v2/sports/golf/pga/rankings
2026-02-20 17:00:48,786 ERROR ESPN golf rankings error: 500 Server Error: Internal Server Error for url: https://site.api.espn.com/apis/site/v2/sports/golf/pga/rankings
2026-02-20 17:00:48,909 ERROR ESPN golf rankings error: 500 Server Error: Internal Server Error for url: https://site.api.espn.com/apis/site/v2/sports/golf/pga/rankings
2026-02-20 17:00:49,039 ERROR ESPN golf rankings error: 500 Server Error: Internal Server Error for url: https://site.api.espn.com/apis/site/v2/sports/golf/pga/rankings
2026-02-20 17:00:49,195 ERROR ESPN golf rankings error: 500 Server Error: Internal Server Error for url: https://site.api.espn.com/apis/site/v2/sports/golf/pga/rankings
2026-02-20 17:00:49,356 ERROR ESPN golf rankings error: 500 Server Error: Internal Server Error for url: https://site.api.espn.com/apis/site/v2/sports/golf/pga/rankings
2026-02-20 17:00:49,487 ERROR ESPN golf rankings error: 500 Server Error: Internal Server Error for url: https://site.api.espn.com/apis/site/v2/sports/golf/pga/rankings
2026-02-20 17:00:49,660 ERROR ESPN golf rankings error: 500 Server Error: Internal Server Error for url: https://site.api.espn.com/apis/site/v2/sports/golf/pga/rankings
2026-02-20 17:00:49,811 ERROR ESPN golf rankings error: 500 Server Error: Internal Server Error for url: https://site.api.espn.com/apis/site/v2/sports/golf/pga/rankings
2026-02-20 17:00:49,971 ERROR ESPN golf rankings error: 500 Server Error: Internal Server Error for url: https://site.api.espn.com/apis/site/v2/sports/golf/pga/rankings
2026-02-20 17:00:50,191 ERROR ESPN golf rankings error: 500 Server Error: Internal Server Error for url: https://site.api.espn.com/apis/site/v2/sports/golf/pga/rankings
2026-02-20 17:00:50,371 ERROR ESPN golf rankings error: 500 Server Error: Internal Server Error for url: https://site.api.espn.com/apis/site/v2/sports/golf/pga/rankings
2026-02-20 17:00:50,574 ERROR ESPN golf rankings error: 500 Server Error: Internal Server Error for url: https://site.api.espn.com/apis/site/v2/sports/golf/pga/rankings
2026-02-20 17:00:50,756 ERROR ESPN golf rankings error: 500 Server Error: Internal Server Error for url: https://site.api.espn.com/apis/site/v2/sports/golf/pga/rankings
2026-02-20 17:00:50,993 ERROR ESPN golf rankings error: 500 Server Error: Internal Server Error for url: https://site.api.espn.com/apis/site/v2/sports/golf/pga/rankings
2026-02-20 17:00:51,168 ERROR ESPN golf rankings error: 500 Server Error: Internal Server Error for url: https://site.api.espn.com/apis/site/v2/sports/golf/pga/rankings
2026-02-20 17:00:51,295 ERROR ESPN golf rankings error: 500 Server Error: Internal Server Error for url: https://site.api.espn.com/apis/site/v2/sports/golf/pga/rankings
2026-02-20 17:00:51,451 ERROR ESPN golf rankings error: 500 Server Error: Internal Server Error for url: https://site.api.espn.com/apis/site/v2/sports/golf/pga/rankings
2026-02-20 17:00:51,586 ERROR ESPN golf rankings error: 500 Server Error: Internal Server Error for url: https://site.api.espn.com/apis/site/v2/sports/golf/pga/rankings
2026-02-20 17:00:51,715 ERROR ESPN golf rankings error: 500 Server Error: Internal Server Error for url: https://site.api.espn.com/apis/site/v2/sports/golf/pga/rankings
2026-02-20 17:00:51,846 ERROR ESPN golf rankings error: 500 Server Error: Internal Server Error for url: https://site.api.espn.com/apis/site/v2/sports/golf/pga/rankings
2026-02-20 17:00:52,002 ERROR ESPN golf rankings error: 500 Server Error: Internal Server Error for url: https://site.api.espn.com/apis/site/v2/sports/golf/pga/rankings
2026-02-20 17:00:52,116 ERROR ESPN golf rankings error: 500 Server Error: Internal Server Error for url: https://site.api.espn.com/apis/site/v2/sports/golf/pga/rankings
2026-02-20 17:00:52,280 ERROR ESPN golf rankings error: 500 Server Error: Internal Server Error for url: https://site.api.espn.com/apis/site/v2/sports/golf/pga/rankings
2026-02-20 17:00:52,426 ERROR ESPN golf rankings error: 500 Server Error: Internal Server Error for url: https://site.api.espn.com/apis/site/v2/sports/golf/pga/rankings
2026-02-20 17:00:52,618 ERROR ESPN golf rankings error: 500 Server Error: Internal Server Error for url: https://site.api.espn.com/apis/site/v2/sports/golf/pga/rankings
2026-02-20 17:00:52,758 ERROR ESPN golf rankings error: 500 Server Error: Internal Server Error for url: https://site.api.espn.com/apis/site/v2/sports/golf/pga/rankings
2026-02-20 17:00:52,894 ERROR ESPN golf rankings error: 500 Server Error: Internal Server Error for url: https://site.api.espn.com/apis/site/v2/sports/golf/pga/rankings
2026-02-20 17:00:53,049 ERROR ESPN golf rankings error: 500 Server Error: Internal Server Error for url: https://site.api.espn.com/apis/site/v2/sports/golf/pga/rankings
2026-02-20 17:00:53,192 ERROR ESPN golf rankings error: 500 Server Error: Internal Server Error for url: https://site.api.espn.com/apis/site/v2/sports/golf/pga/rankings
2026-02-20 17:00:53,347 ERROR ESPN golf rankings error: 500 Server Error: Internal Server Error for url: https://site.api.espn.com/apis/site/v2/sports/golf/pga/rankings
2026-02-20 17:00:53,537 ERROR ESPN golf rankings error: 500 Server Error: Internal Server Error for url: https://site.api.espn.com/apis/site/v2/sports/golf/pga/rankings
2026-02-20 17:00:53,685 ERROR ESPN golf rankings error: 500 Server Error: Internal Server Error for url: https://site.api.espn.com/apis/site/v2/sports/golf/pga/rankings
2026-02-20 17:00:53,806 ERROR ESPN golf rankings error: 500 Server Error: Internal Server Error for url: https://site.api.espn.com/apis/site/v2/sports/golf/pga/rankings
2026-02-20 17:00:53,929 ERROR ESPN golf rankings error: 500 Server Error: Internal Server Error for url: https://site.api.espn.com/apis/site/v2/sports/golf/pga/rankings
2026-02-20 17:00:54,050 ERROR ESPN golf rankings error: 500 Server Error: Internal Server Error for url: https://site.api.espn.com/apis/site/v2/sports/golf/pga/rankings
2026-02-20 17:00:54,191 ERROR ESPN golf rankings error: 500 Server Error: Internal Server Error for url: https://site.api.espn.com/apis/site/v2/sports/golf/pga/rankings
2026-02-20 17:00:54,315 ERROR ESPN golf rankings error: 500 Server Error: Internal Server Error for url: https://site.api.espn.com/apis/site/v2/sports/golf/pga/rankings
2026-02-20 17:00:54,430 ERROR ESPN golf rankings error: 500 Server Error: Internal Server Error for url: https://site.api.espn.com/apis/site/v2/sports/golf/pga/rankings
2026-02-20 17:00:54,547 ERROR ESPN golf rankings error: 500 Server Error: Internal Server Error for url: https://site.api.espn.com/apis/site/v2/sports/golf/pga/rankings
2026-02-20 17:00:54,664 ERROR ESPN golf rankings error: 500 Server Error: Internal Server Error for url: https://site.api.espn.com/apis/site/v2/sports/golf/pga/rankings
2026-02-20 17:00:54,780 ERROR ESPN golf rankings error: 500 Server Error: Internal Server Error for url: https://site.api.espn.com/apis/site/v2/sports/golf/pga/rankings
2026-02-20 17:00:54,896 ERROR ESPN golf rankings error: 500 Server Error: Internal Server Error for url: https://site.api.espn.com/apis/site/v2/sports/golf/pga/rankings
2026-02-20 17:00:55,019 ERROR ESPN golf rankings error: 500 Server Error: Internal Server Error for url: https://site.api.espn.com/apis/site/v2/sports/golf/pga/rankings
2026-02-20 17:00:55,144 ERROR ESPN golf rankings error: 500 Server Error: Internal Server Error for url: https://site.api.espn.com/apis/site/v2/sports/golf/pga/rankings
2026-02-20 17:00:55,266 ERROR ESPN golf rankings error: 500 Server Error: Internal Server Error for url: https://site.api.espn.com/apis/site/v2/sports/golf/pga/rankings
2026-02-20 17:00:55,397 ERROR ESPN golf rankings error: 500 Server Error: Internal Server Error for url: https://site.api.espn.com/apis/site/v2/sports/golf/pga/rankings
2026-02-20 17:00:55,538 ERROR ESPN golf rankings error: 500 Server Error: Internal Server Error for url: https://site.api.espn.com/apis/site/v2/sports/golf/pga/rankings
2026-02-20 17:00:55,658 ERROR ESPN golf rankings error: 500 Server Error: Internal Server Error for url: https://site.api.espn.com/apis/site/v2/sports/golf/pga/rankings
2026-02-20 17:00:55,801 ERROR ESPN golf rankings error: 500 Server Error: Internal Server Error for url: https://site.api.espn.com/apis/site/v2/sports/golf/pga/rankings
2026-02-20 17:00:55,807 INFO Scoring 68 players for PGA Championship Winner
2026-02-20 17:00:55,935 ERROR ESPN golf rankings error: 500 Server Error: Internal Server Error for url: https://site.api.espn.com/apis/site/v2/sports/golf/pga/rankings
2026-02-20 17:00:56,130 ERROR ESPN golf rankings error: 500 Server Error: Internal Server Error for url: https://site.api.espn.com/apis/site/v2/sports/golf/pga/rankings
2026-02-20 17:00:56,318 ERROR ESPN golf rankings error: 500 Server Error: Internal Server Error for url: https://site.api.espn.com/apis/site/v2/sports/golf/pga/rankings
2026-02-20 17:00:56,444 ERROR ESPN golf rankings error: 500 Server Error: Internal Server Error for url: https://site.api.espn.com/apis/site/v2/sports/golf/pga/rankings
2026-02-20 17:00:56,566 ERROR ESPN golf rankings error: 500 Server Error: Internal Server Error for url: https://site.api.espn.com/apis/site/v2/sports/golf/pga/rankings
2026-02-20 17:00:56,691 ERROR ESPN golf rankings error: 500 Server Error: Internal Server Error for url: https://site.api.espn.com/apis/site/v2/sports/golf/pga/rankings
2026-02-20 17:00:56,809 ERROR ESPN golf rankings error: 500 Server Error: Internal Server Error for url: https://site.api.espn.com/apis/site/v2/sports/golf/pga/rankings
2026-02-20 17:00:56,941 ERROR ESPN golf rankings error: 500 Server Error: Internal Server Error for url: https://site.api.espn.com/apis/site/v2/sports/golf/pga/rankings
2026-02-20 17:00:57,082 ERROR ESPN golf rankings error: 500 Server Error: Internal Server Error for url: https://site.api.espn.com/apis/site/v2/sports/golf/pga/rankings
2026-02-20 17:00:57,196 ERROR ESPN golf rankings error: 500 Server Error: Internal Server Error for url: https://site.api.espn.com/apis/site/v2/sports/golf/pga/rankings
2026-02-20 17:00:57,312 ERROR ESPN golf rankings error: 500 Server Error: Internal Server Error for url: https://site.api.espn.com/apis/site/v2/sports/golf/pga/rankings
2026-02-20 17:00:57,425 ERROR ESPN golf rankings error: 500 Server Error: Internal Server Error for url: https://site.api.espn.com/apis/site/v2/sports/golf/pga/rankings
2026-02-20 17:00:57,549 ERROR ESPN golf rankings error: 500 Server Error: Internal Server Error for url: https://site.api.espn.com/apis/site/v2/sports/golf/pga/rankings
2026-02-20 17:00:57,675 ERROR ESPN golf rankings error: 500 Server Error: Internal Server Error for url: https://site.api.espn.com/apis/site/v2/sports/golf/pga/rankings
2026-02-20 17:00:57,796 ERROR ESPN golf rankings error: 500 Server Error: Internal Server Error for url: https://site.api.espn.com/apis/site/v2/sports/golf/pga/rankings
2026-02-20 17:00:57,923 ERROR ESPN golf rankings error: 500 Server Error: Internal Server Error for url: https://site.api.espn.com/apis/site/v2/sports/golf/pga/rankings
2026-02-20 17:00:58,064 ERROR ESPN golf rankings error: 500 Server Error: Internal Server Error for url: https://site.api.espn.com/apis/site/v2/sports/golf/pga/rankings
2026-02-20 17:00:58,188 ERROR ESPN golf rankings error: 500 Server Error: Internal Server Error for url: https://site.api.espn.com/apis/site/v2/sports/golf/pga/rankings
2026-02-20 17:00:58,304 ERROR ESPN golf rankings error: 500 Server Error: Internal Server Error for url: https://site.api.espn.com/apis/site/v2/sports/golf/pga/rankings
2026-02-20 17:00:58,433 ERROR ESPN golf rankings error: 500 Server Error: Internal Server Error for url: https://site.api.espn.com/apis/site/v2/sports/golf/pga/rankings
2026-02-20 17:00:58,552 ERROR ESPN golf rankings error: 500 Server Error: Internal Server Error for url: https://site.api.espn.com/apis/site/v2/sports/golf/pga/rankings
2026-02-20 17:00:58,672 ERROR ESPN golf rankings error: 500 Server Error: Internal Server Error for url: https://site.api.espn.com/apis/site/v2/sports/golf/pga/rankings
2026-02-20 17:00:58,801 ERROR ESPN golf rankings error: 500 Server Error: Internal Server Error for url: https://site.api.espn.com/apis/site/v2/sports/golf/pga/rankings
2026-02-20 17:00:58,924 ERROR ESPN golf rankings error: 500 Server Error: Internal Server Error for url: https://site.api.espn.com/apis/site/v2/sports/golf/pga/rankings
2026-02-20 17:00:59,048 ERROR ESPN golf rankings error: 500 Server Error: Internal Server Error for url: https://site.api.espn.com/apis/site/v2/sports/golf/pga/rankings
2026-02-20 17:00:59,163 ERROR ESPN golf rankings error: 500 Server Error: Internal Server Error for url: https://site.api.espn.com/apis/site/v2/sports/golf/pga/rankings
2026-02-20 17:00:59,289 ERROR ESPN golf rankings error: 500 Server Error: Internal Server Error for url: https://site.api.espn.com/apis/site/v2/sports/golf/pga/rankings
2026-02-20 17:00:59,407 ERROR ESPN golf rankings error: 500 Server Error: Internal Server Error for url: https://site.api.espn.com/apis/site/v2/sports/golf/pga/rankings
2026-02-20 17:00:59,520 ERROR ESPN golf rankings error: 500 Server Error: Internal Server Error for url: https://site.api.espn.com/apis/site/v2/sports/golf/pga/rankings
2026-02-20 17:00:59,666 ERROR ESPN golf rankings error: 500 Server Error: Internal Server Error for url: https://site.api.espn.com/apis/site/v2/sports/golf/pga/rankings
2026-02-20 17:00:59,784 ERROR ESPN golf rankings error: 500 Server Error: Internal Server Error for url: https://site.api.espn.com/apis/site/v2/sports/golf/pga/rankings
2026-02-20 17:00:59,906 ERROR ESPN golf rankings error: 500 Server Error: Internal Server Error for url: https://site.api.espn.com/apis/site/v2/sports/golf/pga/rankings
2026-02-20 17:01:00,064 ERROR ESPN golf rankings error: 500 Server Error: Internal Server Error for url: https://site.api.espn.com/apis/site/v2/sports/golf/pga/rankings
2026-02-20 17:01:00,198 ERROR ESPN golf rankings error: 500 Server Error: Internal Server Error for url: https://site.api.espn.com/apis/site/v2/sports/golf/pga/rankings
2026-02-20 17:01:00,317 ERROR ESPN golf rankings error: 500 Server Error: Internal Server Error for url: https://site.api.espn.com/apis/site/v2/sports/golf/pga/rankings
2026-02-20 17:01:00,426 ERROR ESPN golf rankings error: 500 Server Error: Internal Server Error for url: https://site.api.espn.com/apis/site/v2/sports/golf/pga/rankings
2026-02-20 17:01:00,549 ERROR ESPN golf rankings error: 500 Server Error: Internal Server Error for url: https://site.api.espn.com/apis/site/v2/sports/golf/pga/rankings
2026-02-20 17:01:00,672 ERROR ESPN golf rankings error: 500 Server Error: Internal Server Error for url: https://site.api.espn.com/apis/site/v2/sports/golf/pga/rankings
2026-02-20 17:01:00,793 ERROR ESPN golf rankings error: 500 Server Error: Internal Server Error for url: https://site.api.espn.com/apis/site/v2/sports/golf/pga/rankings
2026-02-20 17:01:00,917 ERROR ESPN golf rankings error: 500 Server Error: Internal Server Error for url: https://site.api.espn.com/apis/site/v2/sports/golf/pga/rankings
2026-02-20 17:01:01,042 ERROR ESPN golf rankings error: 500 Server Error: Internal Server Error for url: https://site.api.espn.com/apis/site/v2/sports/golf/pga/rankings
2026-02-20 17:01:01,159 ERROR ESPN golf rankings error: 500 Server Error: Internal Server Error for url: https://site.api.espn.com/apis/site/v2/sports/golf/pga/rankings
2026-02-20 17:01:01,277 ERROR ESPN golf rankings error: 500 Server Error: Internal Server Error for url: https://site.api.espn.com/apis/site/v2/sports/golf/pga/rankings
2026-02-20 17:01:01,399 ERROR ESPN golf rankings error: 500 Server Error: Internal Server Error for url: https://site.api.espn.com/apis/site/v2/sports/golf/pga/rankings
2026-02-20 17:01:01,523 ERROR ESPN golf rankings error: 500 Server Error: Internal Server Error for url: https://site.api.espn.com/apis/site/v2/sports/golf/pga/rankings
2026-02-20 17:01:01,675 ERROR ESPN golf rankings error: 500 Server Error: Internal Server Error for url: https://site.api.espn.com/apis/site/v2/sports/golf/pga/rankings
2026-02-20 17:01:01,794 ERROR ESPN golf rankings error: 500 Server Error: Internal Server Error for url: https://site.api.espn.com/apis/site/v2/sports/golf/pga/rankings
2026-02-20 17:01:01,908 ERROR ESPN golf rankings error: 500 Server Error: Internal Server Error for url: https://site.api.espn.com/apis/site/v2/sports/golf/pga/rankings
2026-02-20 17:01:02,036 ERROR ESPN golf rankings error: 500 Server Error: Internal Server Error for url: https://site.api.espn.com/apis/site/v2/sports/golf/pga/rankings
2026-02-20 17:01:02,154 ERROR ESPN golf rankings error: 500 Server Error: Internal Server Error for url: https://site.api.espn.com/apis/site/v2/sports/golf/pga/rankings
2026-02-20 17:01:02,282 ERROR ESPN golf rankings error: 500 Server Error: Internal Server Error for url: https://site.api.espn.com/apis/site/v2/sports/golf/pga/rankings
2026-02-20 17:01:02,406 ERROR ESPN golf rankings error: 500 Server Error: Internal Server Error for url: https://site.api.espn.com/apis/site/v2/sports/golf/pga/rankings
2026-02-20 17:01:02,532 ERROR ESPN golf rankings error: 500 Server Error: Internal Server Error for url: https://site.api.espn.com/apis/site/v2/sports/golf/pga/rankings
2026-02-20 17:01:02,647 ERROR ESPN golf rankings error: 500 Server Error: Internal Server Error for url: https://site.api.espn.com/apis/site/v2/sports/golf/pga/rankings
2026-02-20 17:01:02,767 ERROR ESPN golf rankings error: 500 Server Error: Internal Server Error for url: https://site.api.espn.com/apis/site/v2/sports/golf/pga/rankings
2026-02-20 17:01:02,886 ERROR ESPN golf rankings error: 500 Server Error: Internal Server Error for url: https://site.api.espn.com/apis/site/v2/sports/golf/pga/rankings
2026-02-20 17:01:03,056 ERROR ESPN golf rankings error: 500 Server Error: Internal Server Error for url: https://site.api.espn.com/apis/site/v2/sports/golf/pga/rankings
2026-02-20 17:01:03,262 ERROR ESPN golf rankings error: 500 Server Error: Internal Server Error for url: https://site.api.espn.com/apis/site/v2/sports/golf/pga/rankings
2026-02-20 17:01:03,378 ERROR ESPN golf rankings error: 500 Server Error: Internal Server Error for url: https://site.api.espn.com/apis/site/v2/sports/golf/pga/rankings
2026-02-20 17:01:03,512 ERROR ESPN golf rankings error: 500 Server Error: Internal Server Error for url: https://site.api.espn.com/apis/site/v2/sports/golf/pga/rankings
2026-02-20 17:01:03,628 ERROR ESPN golf rankings error: 500 Server Error: Internal Server Error for url: https://site.api.espn.com/apis/site/v2/sports/golf/pga/rankings
2026-02-20 17:01:03,758 ERROR ESPN golf rankings error: 500 Server Error: Internal Server Error for url: https://site.api.espn.com/apis/site/v2/sports/golf/pga/rankings
2026-02-20 17:01:03,916 ERROR ESPN golf rankings error: 500 Server Error: Internal Server Error for url: https://site.api.espn.com/apis/site/v2/sports/golf/pga/rankings
2026-02-20 17:01:04,338 ERROR ESPN golf rankings error: 500 Server Error: Internal Server Error for url: https://site.api.espn.com/apis/site/v2/sports/golf/pga/rankings
2026-02-20 17:01:04,497 ERROR ESPN golf rankings error: 500 Server Error: Internal Server Error for url: https://site.api.espn.com/apis/site/v2/sports/golf/pga/rankings
2026-02-20 17:01:04,619 ERROR ESPN golf rankings error: 500 Server Error: Internal Server Error for url: https://site.api.espn.com/apis/site/v2/sports/golf/pga/rankings
2026-02-20 17:01:04,755 ERROR ESPN golf rankings error: 500 Server Error: Internal Server Error for url: https://site.api.espn.com/apis/site/v2/sports/golf/pga/rankings
2026-02-20 17:01:04,875 ERROR ESPN golf rankings error: 500 Server Error: Internal Server Error for url: https://site.api.espn.com/apis/site/v2/sports/golf/pga/rankings
2026-02-20 17:01:04,880 INFO Scoring 60 players for The Open Winner
2026-02-20 17:01:05,005 ERROR ESPN golf rankings error: 500 Server Error: Internal Server Error for url: https://site.api.espn.com/apis/site/v2/sports/golf/pga/rankings
2026-02-20 17:01:05,131 ERROR ESPN golf rankings error: 500 Server Error: Internal Server Error for url: https://site.api.espn.com/apis/site/v2/sports/golf/pga/rankings
2026-02-20 17:01:05,287 ERROR ESPN golf rankings error: 500 Server Error: Internal Server Error for url: https://site.api.espn.com/apis/site/v2/sports/golf/pga/rankings
2026-02-20 17:01:05,411 ERROR ESPN golf rankings error: 500 Server Error: Internal Server Error for url: https://site.api.espn.com/apis/site/v2/sports/golf/pga/rankings
2026-02-20 17:01:05,538 ERROR ESPN golf rankings error: 500 Server Error: Internal Server Error for url: https://site.api.espn.com/apis/site/v2/sports/golf/pga/rankings
2026-02-20 17:01:05,658 ERROR ESPN golf rankings error: 500 Server Error: Internal Server Error for url: https://site.api.espn.com/apis/site/v2/sports/golf/pga/rankings
2026-02-20 17:01:05,780 ERROR ESPN golf rankings error: 500 Server Error: Internal Server Error for url: https://site.api.espn.com/apis/site/v2/sports/golf/pga/rankings
2026-02-20 17:01:05,909 ERROR ESPN golf rankings error: 500 Server Error: Internal Server Error for url: https://site.api.espn.com/apis/site/v2/sports/golf/pga/rankings
2026-02-20 17:01:06,055 ERROR ESPN golf rankings error: 500 Server Error: Internal Server Error for url: https://site.api.espn.com/apis/site/v2/sports/golf/pga/rankings
2026-02-20 17:01:06,192 ERROR ESPN golf rankings error: 500 Server Error: Internal Server Error for url: https://site.api.espn.com/apis/site/v2/sports/golf/pga/rankings
2026-02-20 17:01:06,309 ERROR ESPN golf rankings error: 500 Server Error: Internal Server Error for url: https://site.api.espn.com/apis/site/v2/sports/golf/pga/rankings
2026-02-20 17:01:06,443 ERROR ESPN golf rankings error: 500 Server Error: Internal Server Error for url: https://site.api.espn.com/apis/site/v2/sports/golf/pga/rankings
2026-02-20 17:01:06,558 ERROR ESPN golf rankings error: 500 Server Error: Internal Server Error for url: https://site.api.espn.com/apis/site/v2/sports/golf/pga/rankings
2026-02-20 17:01:06,679 ERROR ESPN golf rankings error: 500 Server Error: Internal Server Error for url: https://site.api.espn.com/apis/site/v2/sports/golf/pga/rankings
2026-02-20 17:01:06,803 ERROR ESPN golf rankings error: 500 Server Error: Internal Server Error for url: https://site.api.espn.com/apis/site/v2/sports/golf/pga/rankings
2026-02-20 17:01:06,920 ERROR ESPN golf rankings error: 500 Server Error: Internal Server Error for url: https://site.api.espn.com/apis/site/v2/sports/golf/pga/rankings
2026-02-20 17:01:07,066 ERROR ESPN golf rankings error: 500 Server Error: Internal Server Error for url: https://site.api.espn.com/apis/site/v2/sports/golf/pga/rankings
2026-02-20 17:01:07,331 ERROR ESPN golf rankings error: 500 Server Error: Internal Server Error for url: https://site.api.espn.com/apis/site/v2/sports/golf/pga/rankings
2026-02-20 17:01:07,451 ERROR ESPN golf rankings error: 500 Server Error: Internal Server Error for url: https://site.api.espn.com/apis/site/v2/sports/golf/pga/rankings
2026-02-20 17:01:07,576 ERROR ESPN golf rankings error: 500 Server Error: Internal Server Error for url: https://site.api.espn.com/apis/site/v2/sports/golf/pga/rankings
2026-02-20 17:01:07,701 ERROR ESPN golf rankings error: 500 Server Error: Internal Server Error for url: https://site.api.espn.com/apis/site/v2/sports/golf/pga/rankings
2026-02-20 17:01:07,816 ERROR ESPN golf rankings error: 500 Server Error: Internal Server Error for url: https://site.api.espn.com/apis/site/v2/sports/golf/pga/rankings
2026-02-20 17:01:07,951 ERROR ESPN golf rankings error: 500 Server Error: Internal Server Error for url: https://site.api.espn.com/apis/site/v2/sports/golf/pga/rankings
2026-02-20 17:01:08,098 ERROR ESPN golf rankings error: 500 Server Error: Internal Server Error for url: https://site.api.espn.com/apis/site/v2/sports/golf/pga/rankings
2026-02-20 17:01:08,236 ERROR ESPN golf rankings error: 500 Server Error: Internal Server Error for url: https://site.api.espn.com/apis/site/v2/sports/golf/pga/rankings
2026-02-20 17:01:08,385 ERROR ESPN golf rankings error: 500 Server Error: Internal Server Error for url: https://site.api.espn.com/apis/site/v2/sports/golf/pga/rankings
2026-02-20 17:01:08,620 ERROR ESPN golf rankings error: 500 Server Error: Internal Server Error for url: https://site.api.espn.com/apis/site/v2/sports/golf/pga/rankings
2026-02-20 17:01:08,754 ERROR ESPN golf rankings error: 500 Server Error: Internal Server Error for url: https://site.api.espn.com/apis/site/v2/sports/golf/pga/rankings
2026-02-20 17:01:08,885 ERROR ESPN golf rankings error: 500 Server Error: Internal Server Error for url: https://site.api.espn.com/apis/site/v2/sports/golf/pga/rankings
2026-02-20 17:01:09,015 ERROR ESPN golf rankings error: 500 Server Error: Internal Server Error for url: https://site.api.espn.com/apis/site/v2/sports/golf/pga/rankings
2026-02-20 17:01:09,132 ERROR ESPN golf rankings error: 500 Server Error: Internal Server Error for url: https://site.api.espn.com/apis/site/v2/sports/golf/pga/rankings
2026-02-20 17:01:09,270 ERROR ESPN golf rankings error: 500 Server Error: Internal Server Error for url: https://site.api.espn.com/apis/site/v2/sports/golf/pga/rankings
2026-02-20 17:01:09,401 ERROR ESPN golf rankings error: 500 Server Error: Internal Server Error for url: https://site.api.espn.com/apis/site/v2/sports/golf/pga/rankings
2026-02-20 17:01:09,518 ERROR ESPN golf rankings error: 500 Server Error: Internal Server Error for url: https://site.api.espn.com/apis/site/v2/sports/golf/pga/rankings
2026-02-20 17:01:09,668 ERROR ESPN golf rankings error: 500 Server Error: Internal Server Error for url: https://site.api.espn.com/apis/site/v2/sports/golf/pga/rankings
2026-02-20 17:01:09,824 ERROR ESPN golf rankings error: 500 Server Error: Internal Server Error for url: https://site.api.espn.com/apis/site/v2/sports/golf/pga/rankings
2026-02-20 17:01:09,964 ERROR ESPN golf rankings error: 500 Server Error: Internal Server Error for url: https://site.api.espn.com/apis/site/v2/sports/golf/pga/rankings
2026-02-20 17:01:10,094 ERROR ESPN golf rankings error: 500 Server Error: Internal Server Error for url: https://site.api.espn.com/apis/site/v2/sports/golf/pga/rankings
2026-02-20 17:01:10,244 ERROR ESPN golf rankings error: 500 Server Error: Internal Server Error for url: https://site.api.espn.com/apis/site/v2/sports/golf/pga/rankings
2026-02-20 17:01:10,397 ERROR ESPN golf rankings error: 500 Server Error: Internal Server Error for url: https://site.api.espn.com/apis/site/v2/sports/golf/pga/rankings
2026-02-20 17:01:10,514 ERROR ESPN golf rankings error: 500 Server Error: Internal Server Error for url: https://site.api.espn.com/apis/site/v2/sports/golf/pga/rankings
2026-02-20 17:01:10,677 ERROR ESPN golf rankings error: 500 Server Error: Internal Server Error for url: https://site.api.espn.com/apis/site/v2/sports/golf/pga/rankings
2026-02-20 17:01:10,884 ERROR ESPN golf rankings error: 500 Server Error: Internal Server Error for url: https://site.api.espn.com/apis/site/v2/sports/golf/pga/rankings
2026-02-20 17:01:11,074 ERROR ESPN golf rankings error: 500 Server Error: Internal Server Error for url: https://site.api.espn.com/apis/site/v2/sports/golf/pga/rankings
2026-02-20 17:01:11,247 ERROR ESPN golf rankings error: 500 Server Error: Internal Server Error for url: https://site.api.espn.com/apis/site/v2/sports/golf/pga/rankings
2026-02-20 17:01:11,375 ERROR ESPN golf rankings error: 500 Server Error: Internal Server Error for url: https://site.api.espn.com/apis/site/v2/sports/golf/pga/rankings
2026-02-20 17:01:11,500 ERROR ESPN golf rankings error: 500 Server Error: Internal Server Error for url: https://site.api.espn.com/apis/site/v2/sports/golf/pga/rankings
2026-02-20 17:01:11,631 ERROR ESPN golf rankings error: 500 Server Error: Internal Server Error for url: https://site.api.espn.com/apis/site/v2/sports/golf/pga/rankings
2026-02-20 17:01:11,767 ERROR ESPN golf rankings error: 500 Server Error: Internal Server Error for url: https://site.api.espn.com/apis/site/v2/sports/golf/pga/rankings
2026-02-20 17:01:11,896 ERROR ESPN golf rankings error: 500 Server Error: Internal Server Error for url: https://site.api.espn.com/apis/site/v2/sports/golf/pga/rankings
2026-02-20 17:01:12,016 ERROR ESPN golf rankings error: 500 Server Error: Internal Server Error for url: https://site.api.espn.com/apis/site/v2/sports/golf/pga/rankings
2026-02-20 17:01:12,133 ERROR ESPN golf rankings error: 500 Server Error: Internal Server Error for url: https://site.api.espn.com/apis/site/v2/sports/golf/pga/rankings
2026-02-20 17:01:12,265 ERROR ESPN golf rankings error: 500 Server Error: Internal Server Error for url: https://site.api.espn.com/apis/site/v2/sports/golf/pga/rankings
2026-02-20 17:01:12,385 ERROR ESPN golf rankings error: 500 Server Error: Internal Server Error for url: https://site.api.espn.com/apis/site/v2/sports/golf/pga/rankings
2026-02-20 17:01:12,510 ERROR ESPN golf rankings error: 500 Server Error: Internal Server Error for url: https://site.api.espn.com/apis/site/v2/sports/golf/pga/rankings
2026-02-20 17:01:12,655 ERROR ESPN golf rankings error: 500 Server Error: Internal Server Error for url: https://site.api.espn.com/apis/site/v2/sports/golf/pga/rankings
2026-02-20 17:01:12,783 ERROR ESPN golf rankings error: 500 Server Error: Internal Server Error for url: https://site.api.espn.com/apis/site/v2/sports/golf/pga/rankings
2026-02-20 17:01:13,029 ERROR ESPN golf rankings error: 500 Server Error: Internal Server Error for url: https://site.api.espn.com/apis/site/v2/sports/golf/pga/rankings
2026-02-20 17:01:13,152 ERROR ESPN golf rankings error: 500 Server Error: Internal Server Error for url: https://site.api.espn.com/apis/site/v2/sports/golf/pga/rankings
2026-02-20 17:01:13,275 ERROR ESPN golf rankings error: 500 Server Error: Internal Server Error for url: https://site.api.espn.com/apis/site/v2/sports/golf/pga/rankings
2026-02-20 17:01:13,275 INFO Scoring 75 players for US Open Winner
2026-02-20 17:01:13,399 ERROR ESPN golf rankings error: 500 Server Error: Internal Server Error for url: https://site.api.espn.com/apis/site/v2/sports/golf/pga/rankings
2026-02-20 17:01:13,520 ERROR ESPN golf rankings error: 500 Server Error: Internal Server Error for url: https://site.api.espn.com/apis/site/v2/sports/golf/pga/rankings
2026-02-20 17:01:13,659 ERROR ESPN golf rankings error: 500 Server Error: Internal Server Error for url: https://site.api.espn.com/apis/site/v2/sports/golf/pga/rankings
2026-02-20 17:01:13,782 ERROR ESPN golf rankings error: 500 Server Error: Internal Server Error for url: https://site.api.espn.com/apis/site/v2/sports/golf/pga/rankings
2026-02-20 17:01:13,896 ERROR ESPN golf rankings error: 500 Server Error: Internal Server Error for url: https://site.api.espn.com/apis/site/v2/sports/golf/pga/rankings
2026-02-20 17:01:14,019 ERROR ESPN golf rankings error: 500 Server Error: Internal Server Error for url: https://site.api.espn.com/apis/site/v2/sports/golf/pga/rankings
2026-02-20 17:01:14,142 ERROR ESPN golf rankings error: 500 Server Error: Internal Server Error for url: https://site.api.espn.com/apis/site/v2/sports/golf/pga/rankings
2026-02-20 17:01:14,276 ERROR ESPN golf rankings error: 500 Server Error: Internal Server Error for url: https://site.api.espn.com/apis/site/v2/sports/golf/pga/rankings
2026-02-20 17:01:14,453 ERROR ESPN golf rankings error: 500 Server Error: Internal Server Error for url: https://site.api.espn.com/apis/site/v2/sports/golf/pga/rankings
2026-02-20 17:01:14,602 ERROR ESPN golf rankings error: 500 Server Error: Internal Server Error for url: https://site.api.espn.com/apis/site/v2/sports/golf/pga/rankings
2026-02-20 17:01:14,730 ERROR ESPN golf rankings error: 500 Server Error: Internal Server Error for url: https://site.api.espn.com/apis/site/v2/sports/golf/pga/rankings
2026-02-20 17:01:14,857 ERROR ESPN golf rankings error: 500 Server Error: Internal Server Error for url: https://site.api.espn.com/apis/site/v2/sports/golf/pga/rankings
2026-02-20 17:01:15,026 ERROR ESPN golf rankings error: 500 Server Error: Internal Server Error for url: https://site.api.espn.com/apis/site/v2/sports/golf/pga/rankings
2026-02-20 17:01:15,140 ERROR ESPN golf rankings error: 500 Server Error: Internal Server Error for url: https://site.api.espn.com/apis/site/v2/sports/golf/pga/rankings
2026-02-20 17:01:15,258 ERROR ESPN golf rankings error: 500 Server Error: Internal Server Error for url: https://site.api.espn.com/apis/site/v2/sports/golf/pga/rankings
2026-02-20 17:01:15,388 ERROR ESPN golf rankings error: 500 Server Error: Internal Server Error for url: https://site.api.espn.com/apis/site/v2/sports/golf/pga/rankings
2026-02-20 17:01:15,507 ERROR ESPN golf rankings error: 500 Server Error: Internal Server Error for url: https://site.api.espn.com/apis/site/v2/sports/golf/pga/rankings
2026-02-20 17:01:15,647 ERROR ESPN golf rankings error: 500 Server Error: Internal Server Error for url: https://site.api.espn.com/apis/site/v2/sports/golf/pga/rankings
2026-02-20 17:01:15,764 ERROR ESPN golf rankings error: 500 Server Error: Internal Server Error for url: https://site.api.espn.com/apis/site/v2/sports/golf/pga/rankings
2026-02-20 17:01:15,893 ERROR ESPN golf rankings error: 500 Server Error: Internal Server Error for url: https://site.api.espn.com/apis/site/v2/sports/golf/pga/rankings
2026-02-20 17:01:16,020 ERROR ESPN golf rankings error: 500 Server Error: Internal Server Error for url: https://site.api.espn.com/apis/site/v2/sports/golf/pga/rankings
2026-02-20 17:01:16,146 ERROR ESPN golf rankings error: 500 Server Error: Internal Server Error for url: https://site.api.espn.com/apis/site/v2/sports/golf/pga/rankings
2026-02-20 17:01:16,278 ERROR ESPN golf rankings error: 500 Server Error: Internal Server Error for url: https://site.api.espn.com/apis/site/v2/sports/golf/pga/rankings
2026-02-20 17:01:16,400 ERROR ESPN golf rankings error: 500 Server Error: Internal Server Error for url: https://site.api.espn.com/apis/site/v2/sports/golf/pga/rankings
2026-02-20 17:01:16,526 ERROR ESPN golf rankings error: 500 Server Error: Internal Server Error for url: https://site.api.espn.com/apis/site/v2/sports/golf/pga/rankings
2026-02-20 17:01:16,646 ERROR ESPN golf rankings error: 500 Server Error: Internal Server Error for url: https://site.api.espn.com/apis/site/v2/sports/golf/pga/rankings
2026-02-20 17:01:16,764 ERROR ESPN golf rankings error: 500 Server Error: Internal Server Error for url: https://site.api.espn.com/apis/site/v2/sports/golf/pga/rankings
2026-02-20 17:01:16,934 ERROR ESPN golf rankings error: 500 Server Error: Internal Server Error for url: https://site.api.espn.com/apis/site/v2/sports/golf/pga/rankings
2026-02-20 17:01:17,102 ERROR ESPN golf rankings error: 500 Server Error: Internal Server Error for url: https://site.api.espn.com/apis/site/v2/sports/golf/pga/rankings
2026-02-20 17:01:17,230 ERROR ESPN golf rankings error: 500 Server Error: Internal Server Error for url: https://site.api.espn.com/apis/site/v2/sports/golf/pga/rankings
2026-02-20 17:01:17,370 ERROR ESPN golf rankings error: 500 Server Error: Internal Server Error for url: https://site.api.espn.com/apis/site/v2/sports/golf/pga/rankings
2026-02-20 17:01:17,494 ERROR ESPN golf rankings error: 500 Server Error: Internal Server Error for url: https://site.api.espn.com/apis/site/v2/sports/golf/pga/rankings
2026-02-20 17:01:17,626 ERROR ESPN golf rankings error: 500 Server Error: Internal Server Error for url: https://site.api.espn.com/apis/site/v2/sports/golf/pga/rankings
2026-02-20 17:01:17,766 ERROR ESPN golf rankings error: 500 Server Error: Internal Server Error for url: https://site.api.espn.com/apis/site/v2/sports/golf/pga/rankings
2026-02-20 17:01:17,941 ERROR ESPN golf rankings error: 500 Server Error: Internal Server Error for url: https://site.api.espn.com/apis/site/v2/sports/golf/pga/rankings
2026-02-20 17:01:18,083 ERROR ESPN golf rankings error: 500 Server Error: Internal Server Error for url: https://site.api.espn.com/apis/site/v2/sports/golf/pga/rankings
2026-02-20 17:01:18,231 ERROR ESPN golf rankings error: 500 Server Error: Internal Server Error for url: https://site.api.espn.com/apis/site/v2/sports/golf/pga/rankings
2026-02-20 17:01:18,368 ERROR ESPN golf rankings error: 500 Server Error: Internal Server Error for url: https://site.api.espn.com/apis/site/v2/sports/golf/pga/rankings
2026-02-20 17:01:18,481 ERROR ESPN golf rankings error: 500 Server Error: Internal Server Error for url: https://site.api.espn.com/apis/site/v2/sports/golf/pga/rankings
2026-02-20 17:01:18,606 ERROR ESPN golf rankings error: 500 Server Error: Internal Server Error for url: https://site.api.espn.com/apis/site/v2/sports/golf/pga/rankings
2026-02-20 17:01:18,730 ERROR ESPN golf rankings error: 500 Server Error: Internal Server Error for url: https://site.api.espn.com/apis/site/v2/sports/golf/pga/rankings
2026-02-20 17:01:18,862 ERROR ESPN golf rankings error: 500 Server Error: Internal Server Error for url: https://site.api.espn.com/apis/site/v2/sports/golf/pga/rankings
2026-02-20 17:01:19,070 ERROR ESPN golf rankings error: 500 Server Error: Internal Server Error for url: https://site.api.espn.com/apis/site/v2/sports/golf/pga/rankings
2026-02-20 17:01:19,197 ERROR ESPN golf rankings error: 500 Server Error: Internal Server Error for url: https://site.api.espn.com/apis/site/v2/sports/golf/pga/rankings
2026-02-20 17:01:19,331 ERROR ESPN golf rankings error: 500 Server Error: Internal Server Error for url: https://site.api.espn.com/apis/site/v2/sports/golf/pga/rankings
2026-02-20 17:01:19,580 ERROR ESPN golf rankings error: 500 Server Error: Internal Server Error for url: https://site.api.espn.com/apis/site/v2/sports/golf/pga/rankings
2026-02-20 17:01:19,754 ERROR ESPN golf rankings error: 500 Server Error: Internal Server Error for url: https://site.api.espn.com/apis/site/v2/sports/golf/pga/rankings
2026-02-20 17:01:19,880 ERROR ESPN golf rankings error: 500 Server Error: Internal Server Error for url: https://site.api.espn.com/apis/site/v2/sports/golf/pga/rankings
2026-02-20 17:01:19,993 ERROR ESPN golf rankings error: 500 Server Error: Internal Server Error for url: https://site.api.espn.com/apis/site/v2/sports/golf/pga/rankings
2026-02-20 17:01:20,119 ERROR ESPN golf rankings error: 500 Server Error: Internal Server Error for url: https://site.api.espn.com/apis/site/v2/sports/golf/pga/rankings
2026-02-20 17:01:20,243 ERROR ESPN golf rankings error: 500 Server Error: Internal Server Error for url: https://site.api.espn.com/apis/site/v2/sports/golf/pga/rankings
2026-02-20 17:01:20,394 ERROR ESPN golf rankings error: 500 Server Error: Internal Server Error for url: https://site.api.espn.com/apis/site/v2/sports/golf/pga/rankings
2026-02-20 17:01:21,657 INFO === Golf Engine (22-factor): Generating Picks ===
2026-02-20 17:01:22,817 INFO Scoring 85 players for Masters Tournament Winner
2026-02-20 17:01:24,297 ERROR ESPN golf rankings error: 500 Server Error: Internal Server Error for url: https://site.api.espn.com/apis/site/v2/sports/golf/pga/rankings
2026-02-20 17:01:24,438 ERROR ESPN golf rankings error: 500 Server Error: Internal Server Error for url: https://site.api.espn.com/apis/site/v2/sports/golf/pga/rankings
2026-02-20 17:01:24,566 ERROR ESPN golf rankings error: 500 Server Error: Internal Server Error for url: https://site.api.espn.com/apis/site/v2/sports/golf/pga/rankings
2026-02-20 17:01:24,705 ERROR ESPN golf rankings error: 500 Server Error: Internal Server Error for url: https://site.api.espn.com/apis/site/v2/sports/golf/pga/rankings
2026-02-20 17:01:24,839 ERROR ESPN golf rankings error: 500 Server Error: Internal Server Error for url: https://site.api.espn.com/apis/site/v2/sports/golf/pga/rankings
2026-02-20 17:01:24,978 ERROR ESPN golf rankings error: 500 Server Error: Internal Server Error for url: https://site.api.espn.com/apis/site/v2/sports/golf/pga/rankings
2026-02-20 17:01:25,103 ERROR ESPN golf rankings error: 500 Server Error: Internal Server Error for url: https://site.api.espn.com/apis/site/v2/sports/golf/pga/rankings
2026-02-20 17:01:25,261 ERROR ESPN golf rankings error: 500 Server Error: Internal Server Error for url: https://site.api.espn.com/apis/site/v2/sports/golf/pga/rankings
2026-02-20 17:01:25,397 ERROR ESPN golf rankings error: 500 Server Error: Internal Server Error for url: https://site.api.espn.com/apis/site/v2/sports/golf/pga/rankings
2026-02-20 17:01:25,555 ERROR ESPN golf rankings error: 500 Server Error: Internal Server Error for url: https://site.api.espn.com/apis/site/v2/sports/golf/pga/rankings
2026-02-20 17:01:25,685 ERROR ESPN golf rankings error: 500 Server Error: Internal Server Error for url: https://site.api.espn.com/apis/site/v2/sports/golf/pga/rankings
2026-02-20 17:01:25,816 ERROR ESPN golf rankings error: 500 Server Error: Internal Server Error for url: https://site.api.espn.com/apis/site/v2/sports/golf/pga/rankings
2026-02-20 17:01:25,966 ERROR ESPN golf rankings error: 500 Server Error: Internal Server Error for url: https://site.api.espn.com/apis/site/v2/sports/golf/pga/rankings
2026-02-20 17:01:26,123 ERROR ESPN golf rankings error: 500 Server Error: Internal Server Error for url: https://site.api.espn.com/apis/site/v2/sports/golf/pga/rankings
2026-02-20 17:01:26,248 ERROR ESPN golf rankings error: 500 Server Error: Internal Server Error for url: https://site.api.espn.com/apis/site/v2/sports/golf/pga/rankings
2026-02-20 17:01:26,373 ERROR ESPN golf rankings error: 500 Server Error: Internal Server Error for url: https://site.api.espn.com/apis/site/v2/sports/golf/pga/rankings
2026-02-20 17:01:26,515 ERROR ESPN golf rankings error: 500 Server Error: Internal Server Error for url: https://site.api.espn.com/apis/site/v2/sports/golf/pga/rankings
2026-02-20 17:01:26,630 ERROR ESPN golf rankings error: 500 Server Error: Internal Server Error for url: https://site.api.espn.com/apis/site/v2/sports/golf/pga/rankings
2026-02-20 17:01:26,804 ERROR ESPN golf rankings error: 500 Server Error: Internal Server Error for url: https://site.api.espn.com/apis/site/v2/sports/golf/pga/rankings
2026-02-20 17:01:26,931 ERROR ESPN golf rankings error: 500 Server Error: Internal Server Error for url: https://site.api.espn.com/apis/site/v2/sports/golf/pga/rankings
2026-02-20 17:01:27,063 ERROR ESPN golf rankings error: 500 Server Error: Internal Server Error for url: https://site.api.espn.com/apis/site/v2/sports/golf/pga/rankings
2026-02-20 17:01:27,197 ERROR ESPN golf rankings error: 500 Server Error: Internal Server Error for url: https://site.api.espn.com/apis/site/v2/sports/golf/pga/rankings
2026-02-20 17:01:27,339 ERROR ESPN golf rankings error: 500 Server Error: Internal Server Error for url: https://site.api.espn.com/apis/site/v2/sports/golf/pga/rankings
2026-02-20 17:01:27,463 ERROR ESPN golf rankings error: 500 Server Error: Internal Server Error for url: https://site.api.espn.com/apis/site/v2/sports/golf/pga/rankings
2026-02-20 17:01:27,595 ERROR ESPN golf rankings error: 500 Server Error: Internal Server Error for url: https://site.api.espn.com/apis/site/v2/sports/golf/pga/rankings
2026-02-20 17:01:27,751 ERROR ESPN golf rankings error: 500 Server Error: Internal Server Error for url: https://site.api.espn.com/apis/site/v2/sports/golf/pga/rankings
2026-02-20 17:01:27,877 ERROR ESPN golf rankings error: 500 Server Error: Internal Server Error for url: https://site.api.espn.com/apis/site/v2/sports/golf/pga/rankings
2026-02-20 17:01:28,017 ERROR ESPN golf rankings error: 500 Server Error: Internal Server Error for url: https://site.api.espn.com/apis/site/v2/sports/golf/pga/rankings
2026-02-20 17:01:28,151 ERROR ESPN golf rankings error: 500 Server Error: Internal Server Error for url: https://site.api.espn.com/apis/site/v2/sports/golf/pga/rankings
2026-02-20 17:01:28,283 ERROR ESPN golf rankings error: 500 Server Error: Internal Server Error for url: https://site.api.espn.com/apis/site/v2/sports/golf/pga/rankings
2026-02-20 17:01:28,422 ERROR ESPN golf rankings error: 500 Server Error: Internal Server Error for url: https://site.api.espn.com/apis/site/v2/sports/golf/pga/rankings
2026-02-20 17:01:28,553 ERROR ESPN golf rankings error: 500 Server Error: Internal Server Error for url: https://site.api.espn.com/apis/site/v2/sports/golf/pga/rankings
2026-02-20 17:01:28,697 ERROR ESPN golf rankings error: 500 Server Error: Internal Server Error for url: https://site.api.espn.com/apis/site/v2/sports/golf/pga/rankings
2026-02-20 17:01:28,826 ERROR ESPN golf rankings error: 500 Server Error: Internal Server Error for url: https://site.api.espn.com/apis/site/v2/sports/golf/pga/rankings
2026-02-20 17:01:28,960 ERROR ESPN golf rankings error: 500 Server Error: Internal Server Error for url: https://site.api.espn.com/apis/site/v2/sports/golf/pga/rankings
2026-02-20 17:01:29,092 ERROR ESPN golf rankings error: 500 Server Error: Internal Server Error for url: https://site.api.espn.com/apis/site/v2/sports/golf/pga/rankings
2026-02-20 17:01:29,230 ERROR ESPN golf rankings error: 500 Server Error: Internal Server Error for url: https://site.api.espn.com/apis/site/v2/sports/golf/pga/rankings
2026-02-20 17:01:29,380 ERROR ESPN golf rankings error: 500 Server Error: Internal Server Error for url: https://site.api.espn.com/apis/site/v2/sports/golf/pga/rankings
2026-02-20 17:01:29,513 ERROR ESPN golf rankings error: 500 Server Error: Internal Server Error for url: https://site.api.espn.com/apis/site/v2/sports/golf/pga/rankings
2026-02-20 17:01:29,654 ERROR ESPN golf rankings error: 500 Server Error: Internal Server Error for url: https://site.api.espn.com/apis/site/v2/sports/golf/pga/rankings
2026-02-20 17:01:29,784 ERROR ESPN golf rankings error: 500 Server Error: Internal Server Error for url: https://site.api.espn.com/apis/site/v2/sports/golf/pga/rankings
2026-02-20 17:01:29,925 ERROR ESPN golf rankings error: 500 Server Error: Internal Server Error for url: https://site.api.espn.com/apis/site/v2/sports/golf/pga/rankings
2026-02-20 17:01:30,074 ERROR ESPN golf rankings error: 500 Server Error: Internal Server Error for url: https://site.api.espn.com/apis/site/v2/sports/golf/pga/rankings
2026-02-20 17:01:30,198 ERROR ESPN golf rankings error: 500 Server Error: Internal Server Error for url: https://site.api.espn.com/apis/site/v2/sports/golf/pga/rankings
2026-02-20 17:01:30,334 ERROR ESPN golf rankings error: 500 Server Error: Internal Server Error for url: https://site.api.espn.com/apis/site/v2/sports/golf/pga/rankings
2026-02-20 17:01:30,485 ERROR ESPN golf rankings error: 500 Server Error: Internal Server Error for url: https://site.api.espn.com/apis/site/v2/sports/golf/pga/rankings
2026-02-20 17:01:30,601 ERROR ESPN golf rankings error: 500 Server Error: Internal Server Error for url: https://site.api.espn.com/apis/site/v2/sports/golf/pga/rankings
2026-02-20 17:01:30,730 ERROR ESPN golf rankings error: 500 Server Error: Internal Server Error for url: https://site.api.espn.com/apis/site/v2/sports/golf/pga/rankings
2026-02-20 17:01:30,830 INFO === Golf Engine (22-factor): Generating Picks ===
2026-02-20 17:01:30,860 ERROR ESPN golf rankings error: 500 Server Error: Internal Server Error for url: https://site.api.espn.com/apis/site/v2/sports/golf/pga/rankings
2026-02-20 17:01:31,008 ERROR ESPN golf rankings error: 500 Server Error: Internal Server Error for url: https://site.api.espn.com/apis/site/v2/sports/golf/pga/rankings
2026-02-20 17:01:31,144 ERROR ESPN golf rankings error: 500 Server Error: Internal Server Error for url: https://site.api.espn.com/apis/site/v2/sports/golf/pga/rankings
2026-02-20 17:01:31,281 ERROR ESPN golf rankings error: 500 Server Error: Internal Server Error for url: https://site.api.espn.com/apis/site/v2/sports/golf/pga/rankings
2026-02-20 17:01:31,428 ERROR ESPN golf rankings error: 500 Server Error: Internal Server Error for url: https://site.api.espn.com/apis/site/v2/sports/golf/pga/rankings
2026-02-20 17:01:31,557 ERROR ESPN golf rankings error: 500 Server Error: Internal Server Error for url: https://site.api.espn.com/apis/site/v2/sports/golf/pga/rankings
2026-02-20 17:01:31,693 ERROR ESPN golf rankings error: 500 Server Error: Internal Server Error for url: https://site.api.espn.com/apis/site/v2/sports/golf/pga/rankings
2026-02-20 17:01:31,838 ERROR ESPN golf rankings error: 500 Server Error: Internal Server Error for url: https://site.api.espn.com/apis/site/v2/sports/golf/pga/rankings
2026-02-20 17:01:31,998 ERROR ESPN golf rankings error: 500 Server Error: Internal Server Error for url: https://site.api.espn.com/apis/site/v2/sports/golf/pga/rankings
2026-02-20 17:01:32,160 ERROR ESPN golf rankings error: 500 Server Error: Internal Server Error for url: https://site.api.espn.com/apis/site/v2/sports/golf/pga/rankings
2026-02-20 17:01:32,290 ERROR ESPN golf rankings error: 500 Server Error: Internal Server Error for url: https://site.api.espn.com/apis/site/v2/sports/golf/pga/rankings
2026-02-20 17:01:32,347 INFO Scoring 85 players for Masters Tournament Winner
2026-02-20 17:01:32,417 ERROR ESPN golf rankings error: 500 Server Error: Internal Server Error for url: https://site.api.espn.com/apis/site/v2/sports/golf/pga/rankings
2026-02-20 17:01:32,539 ERROR ESPN golf rankings error: 500 Server Error: Internal Server Error for url: https://site.api.espn.com/apis/site/v2/sports/golf/pga/rankings
2026-02-20 17:01:32,666 ERROR ESPN golf rankings error: 500 Server Error: Internal Server Error for url: https://site.api.espn.com/apis/site/v2/sports/golf/pga/rankings
2026-02-20 17:01:32,796 ERROR ESPN golf rankings error: 500 Server Error: Internal Server Error for url: https://site.api.espn.com/apis/site/v2/sports/golf/pga/rankings
2026-02-20 17:01:32,930 ERROR ESPN golf rankings error: 500 Server Error: Internal Server Error for url: https://site.api.espn.com/apis/site/v2/sports/golf/pga/rankings
2026-02-20 17:01:33,059 ERROR ESPN golf rankings error: 500 Server Error: Internal Server Error for url: https://site.api.espn.com/apis/site/v2/sports/golf/pga/rankings
2026-02-20 17:01:33,188 ERROR ESPN golf rankings error: 500 Server Error: Internal Server Error for url: https://site.api.espn.com/apis/site/v2/sports/golf/pga/rankings
2026-02-20 17:01:33,313 ERROR ESPN golf rankings error: 500 Server Error: Internal Server Error for url: https://site.api.espn.com/apis/site/v2/sports/golf/pga/rankings
2026-02-20 17:01:33,439 ERROR ESPN golf rankings error: 500 Server Error: Internal Server Error for url: https://site.api.espn.com/apis/site/v2/sports/golf/pga/rankings
2026-02-20 17:01:33,559 ERROR ESPN golf rankings error: 500 Server Error: Internal Server Error for url: https://site.api.espn.com/apis/site/v2/sports/golf/pga/rankings
2026-02-20 17:01:33,701 ERROR ESPN golf rankings error: 500 Server Error: Internal Server Error for url: https://site.api.espn.com/apis/site/v2/sports/golf/pga/rankings
2026-02-20 17:01:33,863 ERROR ESPN golf rankings error: 500 Server Error: Internal Server Error for url: https://site.api.espn.com/apis/site/v2/sports/golf/pga/rankings
2026-02-20 17:01:33,867 ERROR ESPN golf rankings error: 500 Server Error: Internal Server Error for url: https://site.api.espn.com/apis/site/v2/sports/golf/pga/rankings
2026-02-20 17:01:33,986 ERROR ESPN golf rankings error: 500 Server Error: Internal Server Error for url: https://site.api.espn.com/apis/site/v2/sports/golf/pga/rankings
2026-02-20 17:01:33,995 ERROR ESPN golf rankings error: 500 Server Error: Internal Server Error for url: https://site.api.espn.com/apis/site/v2/sports/golf/pga/rankings
2026-02-20 17:01:34,128 ERROR ESPN golf rankings error: 500 Server Error: Internal Server Error for url: https://site.api.espn.com/apis/site/v2/sports/golf/pga/rankings
2026-02-20 17:01:34,250 ERROR ESPN golf rankings error: 500 Server Error: Internal Server Error for url: https://site.api.espn.com/apis/site/v2/sports/golf/pga/rankings
2026-02-20 17:01:34,274 ERROR ESPN golf rankings error: 500 Server Error: Internal Server Error for url: https://site.api.espn.com/apis/site/v2/sports/golf/pga/rankings
2026-02-20 17:01:34,383 ERROR ESPN golf rankings error: 500 Server Error: Internal Server Error for url: https://site.api.espn.com/apis/site/v2/sports/golf/pga/rankings
2026-02-20 17:01:34,406 ERROR ESPN golf rankings error: 500 Server Error: Internal Server Error for url: https://site.api.espn.com/apis/site/v2/sports/golf/pga/rankings
2026-02-20 17:01:34,539 ERROR ESPN golf rankings error: 500 Server Error: Internal Server Error for url: https://site.api.espn.com/apis/site/v2/sports/golf/pga/rankings
2026-02-20 17:01:34,547 ERROR ESPN golf rankings error: 500 Server Error: Internal Server Error for url: https://site.api.espn.com/apis/site/v2/sports/golf/pga/rankings
2026-02-20 17:01:34,673 ERROR ESPN golf rankings error: 500 Server Error: Internal Server Error for url: https://site.api.espn.com/apis/site/v2/sports/golf/pga/rankings
2026-02-20 17:01:34,681 ERROR ESPN golf rankings error: 500 Server Error: Internal Server Error for url: https://site.api.espn.com/apis/site/v2/sports/golf/pga/rankings
2026-02-20 17:01:34,804 ERROR ESPN golf rankings error: 500 Server Error: Internal Server Error for url: https://site.api.espn.com/apis/site/v2/sports/golf/pga/rankings
2026-02-20 17:01:34,814 ERROR ESPN golf rankings error: 500 Server Error: Internal Server Error for url: https://site.api.espn.com/apis/site/v2/sports/golf/pga/rankings
2026-02-20 17:01:34,921 ERROR ESPN golf rankings error: 500 Server Error: Internal Server Error for url: https://site.api.espn.com/apis/site/v2/sports/golf/pga/rankings
2026-02-20 17:01:34,963 ERROR ESPN golf rankings error: 500 Server Error: Internal Server Error for url: https://site.api.espn.com/apis/site/v2/sports/golf/pga/rankings
2026-02-20 17:01:35,045 ERROR ESPN golf rankings error: 500 Server Error: Internal Server Error for url: https://site.api.espn.com/apis/site/v2/sports/golf/pga/rankings
2026-02-20 17:01:35,097 ERROR ESPN golf rankings error: 500 Server Error: Internal Server Error for url: https://site.api.espn.com/apis/site/v2/sports/golf/pga/rankings
2026-02-20 17:01:35,164 ERROR ESPN golf rankings error: 500 Server Error: Internal Server Error for url: https://site.api.espn.com/apis/site/v2/sports/golf/pga/rankings
2026-02-20 17:01:35,226 ERROR ESPN golf rankings error: 500 Server Error: Internal Server Error for url: https://site.api.espn.com/apis/site/v2/sports/golf/pga/rankings
2026-02-20 17:01:35,289 ERROR ESPN golf rankings error: 500 Server Error: Internal Server Error for url: https://site.api.espn.com/apis/site/v2/sports/golf/pga/rankings
2026-02-20 17:01:35,349 ERROR ESPN golf rankings error: 500 Server Error: Internal Server Error for url: https://site.api.espn.com/apis/site/v2/sports/golf/pga/rankings
2026-02-20 17:01:35,412 ERROR ESPN golf rankings error: 500 Server Error: Internal Server Error for url: https://site.api.espn.com/apis/site/v2/sports/golf/pga/rankings
2026-02-20 17:01:35,481 ERROR ESPN golf rankings error: 500 Server Error: Internal Server Error for url: https://site.api.espn.com/apis/site/v2/sports/golf/pga/rankings
2026-02-20 17:01:35,531 ERROR ESPN golf rankings error: 500 Server Error: Internal Server Error for url: https://site.api.espn.com/apis/site/v2/sports/golf/pga/rankings
2026-02-20 17:01:35,614 ERROR ESPN golf rankings error: 500 Server Error: Internal Server Error for url: https://site.api.espn.com/apis/site/v2/sports/golf/pga/rankings
2026-02-20 17:01:35,656 ERROR ESPN golf rankings error: 500 Server Error: Internal Server Error for url: https://site.api.espn.com/apis/site/v2/sports/golf/pga/rankings
2026-02-20 17:01:35,748 ERROR ESPN golf rankings error: 500 Server Error: Internal Server Error for url: https://site.api.espn.com/apis/site/v2/sports/golf/pga/rankings
2026-02-20 17:01:35,748 INFO Scoring 68 players for PGA Championship Winner
2026-02-20 17:01:35,778 ERROR ESPN golf rankings error: 500 Server Error: Internal Server Error for url: https://site.api.espn.com/apis/site/v2/sports/golf/pga/rankings
2026-02-20 17:01:35,887 ERROR ESPN golf rankings error: 500 Server Error: Internal Server Error for url: https://site.api.espn.com/apis/site/v2/sports/golf/pga/rankings
2026-02-20 17:01:35,912 ERROR ESPN golf rankings error: 500 Server Error: Internal Server Error for url: https://site.api.espn.com/apis/site/v2/sports/golf/pga/rankings
2026-02-20 17:01:36,025 ERROR ESPN golf rankings error: 500 Server Error: Internal Server Error for url: https://site.api.espn.com/apis/site/v2/sports/golf/pga/rankings
2026-02-20 17:01:36,049 ERROR ESPN golf rankings error: 500 Server Error: Internal Server Error for url: https://site.api.espn.com/apis/site/v2/sports/golf/pga/rankings
2026-02-20 17:01:36,155 ERROR ESPN golf rankings error: 500 Server Error: Internal Server Error for url: https://site.api.espn.com/apis/site/v2/sports/golf/pga/rankings
2026-02-20 17:01:36,172 ERROR ESPN golf rankings error: 500 Server Error: Internal Server Error for url: https://site.api.espn.com/apis/site/v2/sports/golf/pga/rankings
2026-02-20 17:01:36,290 ERROR ESPN golf rankings error: 500 Server Error: Internal Server Error for url: https://site.api.espn.com/apis/site/v2/sports/golf/pga/rankings
2026-02-20 17:01:36,304 ERROR ESPN golf rankings error: 500 Server Error: Internal Server Error for url: https://site.api.espn.com/apis/site/v2/sports/golf/pga/rankings
2026-02-20 17:01:36,437 ERROR ESPN golf rankings error: 500 Server Error: Internal Server Error for url: https://site.api.espn.com/apis/site/v2/sports/golf/pga/rankings
2026-02-20 17:01:36,440 ERROR ESPN golf rankings error: 500 Server Error: Internal Server Error for url: https://site.api.espn.com/apis/site/v2/sports/golf/pga/rankings
2026-02-20 17:01:36,553 ERROR ESPN golf rankings error: 500 Server Error: Internal Server Error for url: https://site.api.espn.com/apis/site/v2/sports/golf/pga/rankings
2026-02-20 17:01:36,561 ERROR ESPN golf rankings error: 500 Server Error: Internal Server Error for url: https://site.api.espn.com/apis/site/v2/sports/golf/pga/rankings
2026-02-20 17:01:36,679 ERROR ESPN golf rankings error: 500 Server Error: Internal Server Error for url: https://site.api.espn.com/apis/site/v2/sports/golf/pga/rankings
2026-02-20 17:01:36,699 ERROR ESPN golf rankings error: 500 Server Error: Internal Server Error for url: https://site.api.espn.com/apis/site/v2/sports/golf/pga/rankings
2026-02-20 17:01:36,949 ERROR ESPN golf rankings error: 500 Server Error: Internal Server Error for url: https://site.api.espn.com/apis/site/v2/sports/golf/pga/rankings
2026-02-20 17:01:37,082 ERROR ESPN golf rankings error: 500 Server Error: Internal Server Error for url: https://site.api.espn.com/apis/site/v2/sports/golf/pga/rankings
2026-02-20 17:01:37,095 ERROR ESPN golf rankings error: 500 Server Error: Internal Server Error for url: https://site.api.espn.com/apis/site/v2/sports/golf/pga/rankings
2026-02-20 17:01:37,209 ERROR ESPN golf rankings error: 500 Server Error: Internal Server Error for url: https://site.api.espn.com/apis/site/v2/sports/golf/pga/rankings
2026-02-20 17:01:37,242 ERROR ESPN golf rankings error: 500 Server Error: Internal Server Error for url: https://site.api.espn.com/apis/site/v2/sports/golf/pga/rankings
2026-02-20 17:01:37,331 ERROR ESPN golf rankings error: 500 Server Error: Internal Server Error for url: https://site.api.espn.com/apis/site/v2/sports/golf/pga/rankings
2026-02-20 17:01:37,361 ERROR ESPN golf rankings error: 500 Server Error: Internal Server Error for url: https://site.api.espn.com/apis/site/v2/sports/golf/pga/rankings
2026-02-20 17:01:37,458 ERROR ESPN golf rankings error: 500 Server Error: Internal Server Error for url: https://site.api.espn.com/apis/site/v2/sports/golf/pga/rankings
2026-02-20 17:01:37,478 ERROR ESPN golf rankings error: 500 Server Error: Internal Server Error for url: https://site.api.espn.com/apis/site/v2/sports/golf/pga/rankings
2026-02-20 17:01:37,597 ERROR ESPN golf rankings error: 500 Server Error: Internal Server Error for url: https://site.api.espn.com/apis/site/v2/sports/golf/pga/rankings
2026-02-20 17:01:37,737 ERROR ESPN golf rankings error: 500 Server Error: Internal Server Error for url: https://site.api.espn.com/apis/site/v2/sports/golf/pga/rankings
2026-02-20 17:01:37,918 ERROR ESPN golf rankings error: 500 Server Error: Internal Server Error for url: https://site.api.espn.com/apis/site/v2/sports/golf/pga/rankings
2026-02-20 17:01:38,063 ERROR ESPN golf rankings error: 500 Server Error: Internal Server Error for url: https://site.api.espn.com/apis/site/v2/sports/golf/pga/rankings
2026-02-20 17:01:38,212 ERROR ESPN golf rankings error: 500 Server Error: Internal Server Error for url: https://site.api.espn.com/apis/site/v2/sports/golf/pga/rankings
2026-02-20 17:01:38,338 ERROR ESPN golf rankings error: 500 Server Error: Internal Server Error for url: https://site.api.espn.com/apis/site/v2/sports/golf/pga/rankings
2026-02-20 17:01:38,468 ERROR ESPN golf rankings error: 500 Server Error: Internal Server Error for url: https://site.api.espn.com/apis/site/v2/sports/golf/pga/rankings
2026-02-20 17:01:38,601 ERROR ESPN golf rankings error: 500 Server Error: Internal Server Error for url: https://site.api.espn.com/apis/site/v2/sports/golf/pga/rankings
2026-02-20 17:01:38,738 ERROR ESPN golf rankings error: 500 Server Error: Internal Server Error for url: https://site.api.espn.com/apis/site/v2/sports/golf/pga/rankings
2026-02-20 17:01:38,881 ERROR ESPN golf rankings error: 500 Server Error: Internal Server Error for url: https://site.api.espn.com/apis/site/v2/sports/golf/pga/rankings
2026-02-20 17:01:39,017 ERROR ESPN golf rankings error: 500 Server Error: Internal Server Error for url: https://site.api.espn.com/apis/site/v2/sports/golf/pga/rankings
2026-02-20 17:01:39,163 ERROR ESPN golf rankings error: 500 Server Error: Internal Server Error for url: https://site.api.espn.com/apis/site/v2/sports/golf/pga/rankings
2026-02-20 17:01:39,302 ERROR ESPN golf rankings error: 500 Server Error: Internal Server Error for url: https://site.api.espn.com/apis/site/v2/sports/golf/pga/rankings
2026-02-20 17:01:39,440 ERROR ESPN golf rankings error: 500 Server Error: Internal Server Error for url: https://site.api.espn.com/apis/site/v2/sports/golf/pga/rankings
2026-02-20 17:01:39,580 ERROR ESPN golf rankings error: 500 Server Error: Internal Server Error for url: https://site.api.espn.com/apis/site/v2/sports/golf/pga/rankings
2026-02-20 17:01:39,721 ERROR ESPN golf rankings error: 500 Server Error: Internal Server Error for url: https://site.api.espn.com/apis/site/v2/sports/golf/pga/rankings
2026-02-20 17:01:39,851 ERROR ESPN golf rankings error: 500 Server Error: Internal Server Error for url: https://site.api.espn.com/apis/site/v2/sports/golf/pga/rankings
2026-02-20 17:01:39,992 ERROR ESPN golf rankings error: 500 Server Error: Internal Server Error for url: https://site.api.espn.com/apis/site/v2/sports/golf/pga/rankings
2026-02-20 17:01:40,126 ERROR ESPN golf rankings error: 500 Server Error: Internal Server Error for url: https://site.api.espn.com/apis/site/v2/sports/golf/pga/rankings
2026-02-20 17:01:40,272 ERROR ESPN golf rankings error: 500 Server Error: Internal Server Error for url: https://site.api.espn.com/apis/site/v2/sports/golf/pga/rankings
2026-02-20 17:01:40,421 ERROR ESPN golf rankings error: 500 Server Error: Internal Server Error for url: https://site.api.espn.com/apis/site/v2/sports/golf/pga/rankings
2026-02-20 17:01:40,570 ERROR ESPN golf rankings error: 500 Server Error: Internal Server Error for url: https://site.api.espn.com/apis/site/v2/sports/golf/pga/rankings
2026-02-20 17:01:40,703 ERROR ESPN golf rankings error: 500 Server Error: Internal Server Error for url: https://site.api.espn.com/apis/site/v2/sports/golf/pga/rankings
2026-02-20 17:01:40,841 ERROR ESPN golf rankings error: 500 Server Error: Internal Server Error for url: https://site.api.espn.com/apis/site/v2/sports/golf/pga/rankings
2026-02-20 17:01:41,016 ERROR ESPN golf rankings error: 500 Server Error: Internal Server Error for url: https://site.api.espn.com/apis/site/v2/sports/golf/pga/rankings
2026-02-20 17:01:41,152 ERROR ESPN golf rankings error: 500 Server Error: Internal Server Error for url: https://site.api.espn.com/apis/site/v2/sports/golf/pga/rankings
2026-02-20 17:01:41,339 ERROR ESPN golf rankings error: 500 Server Error: Internal Server Error for url: https://site.api.espn.com/apis/site/v2/sports/golf/pga/rankings
2026-02-20 17:01:41,513 ERROR ESPN golf rankings error: 500 Server Error: Internal Server Error for url: https://site.api.espn.com/apis/site/v2/sports/golf/pga/rankings
2026-02-20 17:01:41,649 ERROR ESPN golf rankings error: 500 Server Error: Internal Server Error for url: https://site.api.espn.com/apis/site/v2/sports/golf/pga/rankings
2026-02-20 17:01:41,821 ERROR ESPN golf rankings error: 500 Server Error: Internal Server Error for url: https://site.api.espn.com/apis/site/v2/sports/golf/pga/rankings
2026-02-20 17:01:41,957 ERROR ESPN golf rankings error: 500 Server Error: Internal Server Error for url: https://site.api.espn.com/apis/site/v2/sports/golf/pga/rankings
2026-02-20 17:01:42,108 ERROR ESPN golf rankings error: 500 Server Error: Internal Server Error for url: https://site.api.espn.com/apis/site/v2/sports/golf/pga/rankings
2026-02-20 17:01:42,337 ERROR ESPN golf rankings error: 500 Server Error: Internal Server Error for url: https://site.api.espn.com/apis/site/v2/sports/golf/pga/rankings
2026-02-20 17:01:42,525 ERROR ESPN golf rankings error: 500 Server Error: Internal Server Error for url: https://site.api.espn.com/apis/site/v2/sports/golf/pga/rankings
2026-02-20 17:01:42,649 ERROR ESPN golf rankings error: 500 Server Error: Internal Server Error for url: https://site.api.espn.com/apis/site/v2/sports/golf/pga/rankings
2026-02-20 17:01:42,789 ERROR ESPN golf rankings error: 500 Server Error: Internal Server Error for url: https://site.api.espn.com/apis/site/v2/sports/golf/pga/rankings
2026-02-20 17:01:42,918 ERROR ESPN golf rankings error: 500 Server Error: Internal Server Error for url: https://site.api.espn.com/apis/site/v2/sports/golf/pga/rankings
2026-02-20 17:01:43,047 ERROR ESPN golf rankings error: 500 Server Error: Internal Server Error for url: https://site.api.espn.com/apis/site/v2/sports/golf/pga/rankings
2026-02-20 17:01:43,175 ERROR ESPN golf rankings error: 500 Server Error: Internal Server Error for url: https://site.api.espn.com/apis/site/v2/sports/golf/pga/rankings
2026-02-20 17:01:43,306 ERROR ESPN golf rankings error: 500 Server Error: Internal Server Error for url: https://site.api.espn.com/apis/site/v2/sports/golf/pga/rankings
2026-02-20 17:01:43,456 ERROR ESPN golf rankings error: 500 Server Error: Internal Server Error for url: https://site.api.espn.com/apis/site/v2/sports/golf/pga/rankings
2026-02-20 17:01:43,597 ERROR ESPN golf rankings error: 500 Server Error: Internal Server Error for url: https://site.api.espn.com/apis/site/v2/sports/golf/pga/rankings
2026-02-20 17:01:43,720 ERROR ESPN golf rankings error: 500 Server Error: Internal Server Error for url: https://site.api.espn.com/apis/site/v2/sports/golf/pga/rankings
2026-02-20 17:01:43,844 ERROR ESPN golf rankings error: 500 Server Error: Internal Server Error for url: https://site.api.espn.com/apis/site/v2/sports/golf/pga/rankings
2026-02-20 17:01:43,983 ERROR ESPN golf rankings error: 500 Server Error: Internal Server Error for url: https://site.api.espn.com/apis/site/v2/sports/golf/pga/rankings
2026-02-20 17:01:44,115 ERROR ESPN golf rankings error: 500 Server Error: Internal Server Error for url: https://site.api.espn.com/apis/site/v2/sports/golf/pga/rankings
2026-02-20 17:01:44,295 ERROR ESPN golf rankings error: 500 Server Error: Internal Server Error for url: https://site.api.espn.com/apis/site/v2/sports/golf/pga/rankings
2026-02-20 17:01:44,437 ERROR ESPN golf rankings error: 500 Server Error: Internal Server Error for url: https://site.api.espn.com/apis/site/v2/sports/golf/pga/rankings
2026-02-20 17:01:44,566 ERROR ESPN golf rankings error: 500 Server Error: Internal Server Error for url: https://site.api.espn.com/apis/site/v2/sports/golf/pga/rankings
2026-02-20 17:01:44,693 ERROR ESPN golf rankings error: 500 Server Error: Internal Server Error for url: https://site.api.espn.com/apis/site/v2/sports/golf/pga/rankings
2026-02-20 17:01:44,859 ERROR ESPN golf rankings error: 500 Server Error: Internal Server Error for url: https://site.api.espn.com/apis/site/v2/sports/golf/pga/rankings
2026-02-20 17:01:45,006 ERROR ESPN golf rankings error: 500 Server Error: Internal Server Error for url: https://site.api.espn.com/apis/site/v2/sports/golf/pga/rankings
2026-02-20 17:01:45,129 ERROR ESPN golf rankings error: 500 Server Error: Internal Server Error for url: https://site.api.espn.com/apis/site/v2/sports/golf/pga/rankings
2026-02-20 17:01:45,253 ERROR ESPN golf rankings error: 500 Server Error: Internal Server Error for url: https://site.api.espn.com/apis/site/v2/sports/golf/pga/rankings
2026-02-20 17:01:45,398 ERROR ESPN golf rankings error: 500 Server Error: Internal Server Error for url: https://site.api.espn.com/apis/site/v2/sports/golf/pga/rankings
2026-02-20 17:01:45,526 ERROR ESPN golf rankings error: 500 Server Error: Internal Server Error for url: https://site.api.espn.com/apis/site/v2/sports/golf/pga/rankings
2026-02-20 17:01:45,532 INFO Scoring 60 players for The Open Winner
2026-02-20 17:01:45,661 ERROR ESPN golf rankings error: 500 Server Error: Internal Server Error for url: https://site.api.espn.com/apis/site/v2/sports/golf/pga/rankings
2026-02-20 17:01:45,796 ERROR ESPN golf rankings error: 500 Server Error: Internal Server Error for url: https://site.api.espn.com/apis/site/v2/sports/golf/pga/rankings
2026-02-20 17:01:45,938 ERROR ESPN golf rankings error: 500 Server Error: Internal Server Error for url: https://site.api.espn.com/apis/site/v2/sports/golf/pga/rankings
2026-02-20 17:01:46,077 ERROR ESPN golf rankings error: 500 Server Error: Internal Server Error for url: https://site.api.espn.com/apis/site/v2/sports/golf/pga/rankings
2026-02-20 17:01:46,250 ERROR ESPN golf rankings error: 500 Server Error: Internal Server Error for url: https://site.api.espn.com/apis/site/v2/sports/golf/pga/rankings
2026-02-20 17:01:46,380 ERROR ESPN golf rankings error: 500 Server Error: Internal Server Error for url: https://site.api.espn.com/apis/site/v2/sports/golf/pga/rankings
2026-02-20 17:01:46,528 ERROR ESPN golf rankings error: 500 Server Error: Internal Server Error for url: https://site.api.espn.com/apis/site/v2/sports/golf/pga/rankings
2026-02-20 17:01:46,694 ERROR ESPN golf rankings error: 500 Server Error: Internal Server Error for url: https://site.api.espn.com/apis/site/v2/sports/golf/pga/rankings
2026-02-20 17:01:46,866 ERROR ESPN golf rankings error: 500 Server Error: Internal Server Error for url: https://site.api.espn.com/apis/site/v2/sports/golf/pga/rankings
2026-02-20 17:01:46,999 ERROR ESPN golf rankings error: 500 Server Error: Internal Server Error for url: https://site.api.espn.com/apis/site/v2/sports/golf/pga/rankings
2026-02-20 17:01:47,131 ERROR ESPN golf rankings error: 500 Server Error: Internal Server Error for url: https://site.api.espn.com/apis/site/v2/sports/golf/pga/rankings
2026-02-20 17:01:47,268 ERROR ESPN golf rankings error: 500 Server Error: Internal Server Error for url: https://site.api.espn.com/apis/site/v2/sports/golf/pga/rankings
2026-02-20 17:01:47,404 ERROR ESPN golf rankings error: 500 Server Error: Internal Server Error for url: https://site.api.espn.com/apis/site/v2/sports/golf/pga/rankings
2026-02-20 17:01:47,529 ERROR ESPN golf rankings error: 500 Server Error: Internal Server Error for url: https://site.api.espn.com/apis/site/v2/sports/golf/pga/rankings
2026-02-20 17:01:47,663 ERROR ESPN golf rankings error: 500 Server Error: Internal Server Error for url: https://site.api.espn.com/apis/site/v2/sports/golf/pga/rankings
2026-02-20 17:01:47,838 ERROR ESPN golf rankings error: 500 Server Error: Internal Server Error for url: https://site.api.espn.com/apis/site/v2/sports/golf/pga/rankings
2026-02-20 17:01:48,002 ERROR ESPN golf rankings error: 500 Server Error: Internal Server Error for url: https://site.api.espn.com/apis/site/v2/sports/golf/pga/rankings
2026-02-20 17:01:48,156 ERROR ESPN golf rankings error: 500 Server Error: Internal Server Error for url: https://site.api.espn.com/apis/site/v2/sports/golf/pga/rankings
2026-02-20 17:01:48,295 ERROR ESPN golf rankings error: 500 Server Error: Internal Server Error for url: https://site.api.espn.com/apis/site/v2/sports/golf/pga/rankings
2026-02-20 17:02:09,421 INFO === Golf Engine (22-factor): Generating Picks ===
2026-02-20 17:02:10,769 INFO Scoring 85 players for Masters Tournament Winner
2026-02-20 17:02:11,981 ERROR ESPN golf rankings error: 500 Server Error: Internal Server Error for url: https://site.api.espn.com/apis/site/v2/sports/golf/pga/rankings
2026-02-20 17:02:12,354 INFO Scoring 68 players for PGA Championship Winner
2026-02-20 17:02:12,649 INFO Scoring 60 players for The Open Winner
2026-02-20 17:02:12,960 INFO Scoring 75 players for US Open Winner
2026-02-20 17:02:13,355 INFO Generated 4 golf field predictions
2026-02-20 17:03:39,797 INFO === Golf Engine (22-factor): Generating Picks ===
2026-02-20 17:03:41,124 INFO Scoring 85 players for Masters Tournament Winner
2026-02-20 17:03:42,871 ERROR ESPN golf rankings error: 500 Server Error: Internal Server Error for url: https://site.api.espn.com/apis/site/v2/sports/golf/pga/rankings
2026-02-20 17:03:43,284 INFO Scoring 68 players for PGA Championship Winner
2026-02-20 17:03:43,626 INFO Scoring 60 players for The Open Winner
2026-02-20 17:03:43,906 INFO Scoring 75 players for US Open Winner
2026-02-20 17:03:44,234 INFO Generated 4 golf field predictions
2026-02-20 17:36:55,136 INFO === Golf Engine (22-factor): Generating Picks ===
2026-02-20 17:36:55,873 INFO Scoring 85 players for Masters Tournament Winner
2026-02-20 17:36:57,061 ERROR ESPN golf rankings error: 500 Server Error: Internal Server Error for url: https://site.api.espn.com/apis/site/v2/sports/golf/pga/rankings
2026-02-20 17:36:57,298 INFO Scoring 68 players for PGA Championship Winner
2026-02-20 17:36:57,471 INFO Scoring 60 players for The Open Winner
2026-02-20 17:36:57,643 INFO Scoring 75 players for US Open Winner
2026-02-20 17:36:57,913 INFO Generated 4 golf field predictions
