2026-02-25 07:52:43,201 INFO [pulse] No learned weights found — using defaults
2026-02-25 07:52:43,206 INFO Pulse weights loaded (learned=False)
2026-02-25 07:52:43,206 INFO Pulse NBA O/U engine running for 2026-02-25
2026-02-25 07:52:44,779 INFO ESPN NBA standings: 30 teams
2026-02-25 07:52:47,509 INFO NBA.com advanced: 30 teams
2026-02-25 07:52:51,014 INFO NBA.com L10 advanced loaded
2026-02-25 07:52:57,711 INFO Odds API remaining: 17482
2026-02-25 07:52:57,711 INFO Found 6 NBA games for 2026-02-25
2026-02-25 07:53:00,110 INFO CBS Sports: scraped 94 injuries
2026-02-25 07:53:01,909 INFO NBA Official: scraped 0 injuries
2026-02-25 07:53:01,943 INFO Cached 94 injuries to C:\Users\joshs\.openclaw\workspace\parlayguarantee\engine\injury_cache.json
2026-02-25 07:53:02,066 INFO Saved 6 picks to C:\Users\joshs\.openclaw\workspace\parlayguarantee\engine\picks_2026-02-25\nba_ou_pulse_picks.json
2026-02-25 07:53:02,066 INFO 0 actionable picks from 6 games
2026-02-25 08:11:35,415 INFO [pulse] Loaded learned weights (trained on 0 games, last update: unknown)
2026-02-25 08:11:35,418 INFO Pulse weights loaded (learned=True)
2026-02-25 08:11:35,418 INFO Pulse NBA O/U engine running for 2026-02-25
2026-02-25 08:11:36,930 INFO ESPN NBA standings: 30 teams
2026-02-25 08:11:38,142 INFO NBA.com advanced: 30 teams
2026-02-25 08:11:39,254 INFO NBA.com L10 advanced loaded
2026-02-25 08:11:45,815 INFO Odds API remaining: 17472
2026-02-25 08:11:45,817 INFO Found 6 NBA games for 2026-02-25
2026-02-25 08:11:48,320 INFO CBS Sports: scraped 94 injuries
2026-02-25 08:11:50,020 INFO NBA Official: scraped 0 injuries
2026-02-25 08:11:50,036 INFO Cached 94 injuries to C:\Users\joshs\.openclaw\workspace\parlayguarantee\engine\injury_cache.json
2026-02-25 08:11:50,176 INFO Saved 6 picks to C:\Users\joshs\.openclaw\workspace\parlayguarantee\engine\picks_2026-02-25\nba_ou_pulse_picks.json
2026-02-25 08:11:50,176 INFO 5 actionable picks from 6 games
2026-02-25 10:15:24,849 INFO [pulse] Loaded learned weights (trained on 0 games, last update: unknown)
2026-02-25 10:15:24,849 INFO Pulse weights loaded (learned=True)
2026-02-25 10:15:24,849 INFO Pulse NBA O/U engine running for 2026-02-25
2026-02-25 10:15:26,146 INFO ESPN NBA standings: 30 teams
2026-02-25 10:15:27,596 INFO NBA.com advanced: 30 teams
2026-02-25 10:15:28,996 INFO NBA.com L10 advanced loaded
2026-02-25 10:15:35,635 INFO Odds API remaining: 17452
2026-02-25 10:15:35,639 INFO Found 6 NBA games for 2026-02-25
2026-02-25 10:15:38,017 INFO CBS Sports: scraped 94 injuries
2026-02-25 10:15:39,884 INFO NBA Official: scraped 0 injuries
2026-02-25 10:15:39,904 INFO Cached 94 injuries to C:\Users\joshs\.openclaw\workspace\parlayguarantee\engine\injury_cache.json
2026-02-25 10:15:40,060 INFO Saved 6 picks to C:\Users\joshs\.openclaw\workspace\parlayguarantee\engine\picks_2026-02-25\nba_ou_pulse_picks.json
2026-02-25 10:15:40,060 INFO 5 actionable picks from 6 games
